1..337
ok 1 - uniform.endpoint: requested loading reached
ok 2 - uniform.cpf.success: success; nonlinear residual 4.99246108381e-09 <= 1e-08
ok 3 - uniform.cpf.ac_balance: complete station-network AC balance 4.99246111154e-09 pu
ok 4 - uniform.cpf.converter_balance: converter power balance 1.42313325568e-10 pu
ok 5 - uniform.cpf.loss_equation: unchanged converter loss equation and nonnegative losses
ok 6 - uniform.cpf.dc_balance: DC nodal balance 2.20989893052e-13 pu
ok 7 - uniform.policy: controls active with stop policy and no lock/freeze event
ok 8 - uniform.initial_move: initial off-grid tap is normalized and electrically corrected
ok 9 - uniform.point1.fixed_pf.success: success; nonlinear residual 1.19015380884e-10 <= 1e-08
ok 10 - uniform.point1.fixed_pf.ac_balance: complete station-network AC balance 1.62141267591e-09 pu
ok 11 - uniform.point1.fixed_pf.converter_balance: converter power balance 2.34107422337e-11 pu
ok 12 - uniform.point1.fixed_pf.loss_equation: unchanged converter loss equation and nonnegative losses
ok 13 - uniform.point1.fixed_pf.dc_balance: DC nodal balance 2.38697950294e-14 pu
ok 14 - uniform.point1.cpf_ac_balance: CPF trace reconstructed full station-network balance 2.45978296532e-12 pu
ok 15 - uniform.point1.pf_cpf_voltage: complex bus voltages agree at matched load and discrete state
ok 16 - uniform.point1.pf_cpf_converter: converter injections and losses agree at matched state
ok 17 - uniform.point1.load: accepted demand equals affine loading at reported lambda
ok 18 - uniform.point1.grid: all accepted taps belong to the unchanged finite grid
ok 19 - uniform.point1.generator_bounds: original generator Q bounds are respected
ok 20 - uniform.point1.converter_balance: converter power balance 3.35953487252e-15 pu
ok 21 - uniform.point1.loss_equation: unchanged converter loss equation and nonnegative losses
ok 22 - uniform.point1.dc_balance: DC nodal balance 1.23234755733e-14 pu
ok 23 - uniform.point2.fixed_pf.success: success; nonlinear residual 3.59962726293e-10 <= 1e-08
ok 24 - uniform.point2.fixed_pf.ac_balance: complete station-network AC balance 3.70455641931e-10 pu
ok 25 - uniform.point2.fixed_pf.converter_balance: converter power balance 4.64756122476e-11 pu
ok 26 - uniform.point2.fixed_pf.loss_equation: unchanged converter loss equation and nonnegative losses
ok 27 - uniform.point2.fixed_pf.dc_balance: DC nodal balance 6.2172489379e-14 pu
ok 28 - uniform.point2.cpf_ac_balance: CPF trace reconstructed full station-network balance 2.90800773174e-12 pu
ok 29 - uniform.point2.pf_cpf_voltage: complex bus voltages agree at matched load and discrete state
ok 30 - uniform.point2.pf_cpf_converter: converter injections and losses agree at matched state
ok 31 - uniform.point2.load: accepted demand equals affine loading at reported lambda
ok 32 - uniform.point2.grid: all accepted taps belong to the unchanged finite grid
ok 33 - uniform.point2.generator_bounds: original generator Q bounds are respected
ok 34 - uniform.point2.converter_balance: converter power balance 3.46167539078e-15 pu
ok 35 - uniform.point2.loss_equation: unchanged converter loss equation and nonnegative losses
ok 36 - uniform.point2.dc_balance: DC nodal balance 1.06581410364e-14 pu
ok 37 - uniform.point3.fixed_pf.success: success; nonlinear residual 9.25411192121e-10 <= 1e-08
ok 38 - uniform.point3.fixed_pf.ac_balance: complete station-network AC balance 9.41377405797e-10 pu
ok 39 - uniform.point3.fixed_pf.converter_balance: converter power balance 7.60778284814e-11 pu
ok 40 - uniform.point3.fixed_pf.loss_equation: unchanged converter loss equation and nonnegative losses
ok 41 - uniform.point3.fixed_pf.dc_balance: DC nodal balance 9.38138455808e-14 pu
ok 42 - uniform.point3.cpf_ac_balance: CPF trace reconstructed full station-network balance 2.16737449699e-12 pu
ok 43 - uniform.point3.pf_cpf_voltage: complex bus voltages agree at matched load and discrete state
ok 44 - uniform.point3.pf_cpf_converter: converter injections and losses agree at matched state
ok 45 - uniform.point3.load: accepted demand equals affine loading at reported lambda
ok 46 - uniform.point3.grid: all accepted taps belong to the unchanged finite grid
ok 47 - uniform.point3.generator_bounds: original generator Q bounds are respected
ok 48 - uniform.point3.converter_balance: converter power balance 9.39248678833e-16 pu
ok 49 - uniform.point3.loss_equation: unchanged converter loss equation and nonnegative losses
ok 50 - uniform.point3.dc_balance: DC nodal balance 3.5527136788e-15 pu
ok 51 - uniform.point4.fixed_pf.success: success; nonlinear residual 2.16080742188e-09 <= 1e-08
ok 52 - uniform.point4.fixed_pf.ac_balance: complete station-network AC balance 2.19198841327e-09 pu
ok 53 - uniform.point4.fixed_pf.converter_balance: converter power balance 1.1695186819e-10 pu
ok 54 - uniform.point4.fixed_pf.loss_equation: unchanged converter loss equation and nonnegative losses
ok 55 - uniform.point4.fixed_pf.dc_balance: DC nodal balance 1.70086167373e-13 pu
ok 56 - uniform.point4.cpf_ac_balance: CPF trace reconstructed full station-network balance 5.08890234796e-12 pu
ok 57 - uniform.point4.pf_cpf_voltage: complex bus voltages agree at matched load and discrete state
ok 58 - uniform.point4.pf_cpf_converter: converter injections and losses agree at matched state
ok 59 - uniform.point4.load: accepted demand equals affine loading at reported lambda
ok 60 - uniform.point4.grid: all accepted taps belong to the unchanged finite grid
ok 61 - uniform.point4.generator_bounds: original generator Q bounds are respected
ok 62 - uniform.point4.converter_balance: converter power balance 1.96065386149e-15 pu
ok 63 - uniform.point4.loss_equation: unchanged converter loss equation and nonnegative losses
ok 64 - uniform.point4.dc_balance: DC nodal balance 8.43769498715e-15 pu
ok 65 - uniform.point5.fixed_pf.success: success; nonlinear residual 4.69879724019e-09 <= 1e-08
ok 66 - uniform.point5.fixed_pf.ac_balance: complete station-network AC balance 4.76194424382e-09 pu
ok 67 - uniform.point5.fixed_pf.converter_balance: converter power balance 1.84333062148e-10 pu
ok 68 - uniform.point5.fixed_pf.loss_equation: unchanged converter loss equation and nonnegative losses
ok 69 - uniform.point5.fixed_pf.dc_balance: DC nodal balance 3.7148062404e-13 pu
not ok 70 - uniform.point5.cpf_ac_balance: CPF trace reconstructed full station-network balance 1.00814868003e-08 pu
ok 71 - uniform.point5.pf_cpf_voltage: complex bus voltages agree at matched load and discrete state
ok 72 - uniform.point5.pf_cpf_converter: converter injections and losses agree at matched state
ok 73 - uniform.point5.load: accepted demand equals affine loading at reported lambda
ok 74 - uniform.point5.grid: all accepted taps belong to the unchanged finite grid
ok 75 - uniform.point5.generator_bounds: original generator Q bounds are respected
ok 76 - uniform.point5.converter_balance: converter power balance 8.2367127785e-10 pu
ok 77 - uniform.point5.loss_equation: unchanged converter loss equation and nonnegative losses
ok 78 - uniform.point5.dc_balance: DC nodal balance 9.29922805426e-13 pu
ok 79 - uniform.point6.fixed_pf.success: success; nonlinear residual 9.63654311903e-09 <= 1e-08
ok 80 - uniform.point6.fixed_pf.ac_balance: complete station-network AC balance 9.76589554672e-09 pu
ok 81 - uniform.point6.fixed_pf.converter_balance: converter power balance 3.02163736254e-10 pu
ok 82 - uniform.point6.fixed_pf.loss_equation: unchanged converter loss equation and nonnegative losses
ok 83 - uniform.point6.fixed_pf.dc_balance: DC nodal balance 7.36133376478e-13 pu
ok 84 - uniform.point6.cpf_ac_balance: CPF trace reconstructed full station-network balance 9.78541042675e-09 pu
ok 85 - uniform.point6.pf_cpf_voltage: complex bus voltages agree at matched load and discrete state
ok 86 - uniform.point6.pf_cpf_converter: converter injections and losses agree at matched state
ok 87 - uniform.point6.load: accepted demand equals affine loading at reported lambda
ok 88 - uniform.point6.grid: all accepted taps belong to the unchanged finite grid
ok 89 - uniform.point6.generator_bounds: original generator Q bounds are respected
ok 90 - uniform.point6.converter_balance: converter power balance 6.46952513783e-10 pu
ok 91 - uniform.point6.loss_equation: unchanged converter loss equation and nonnegative losses
ok 92 - uniform.point6.dc_balance: DC nodal balance 8.68305427559e-13 pu
ok 93 - uniform.point7.fixed_pf.success: success; nonlinear residual 2.7530399615e-12 <= 1e-08
ok 94 - uniform.point7.fixed_pf.ac_balance: complete station-network AC balance 4.93596774565e-10 pu
ok 95 - uniform.point7.fixed_pf.converter_balance: converter power balance 8.85957973651e-16 pu
ok 96 - uniform.point7.fixed_pf.loss_equation: unchanged converter loss equation and nonnegative losses
ok 97 - uniform.point7.fixed_pf.dc_balance: DC nodal balance 1.44328993201e-14 pu
ok 98 - uniform.point7.cpf_ac_balance: CPF trace reconstructed full station-network balance 9.59710167932e-09 pu
ok 99 - uniform.point7.pf_cpf_voltage: complex bus voltages agree at matched load and discrete state
ok 100 - uniform.point7.pf_cpf_converter: converter injections and losses agree at matched state
ok 101 - uniform.point7.load: accepted demand equals affine loading at reported lambda
ok 102 - uniform.point7.grid: all accepted taps belong to the unchanged finite grid
ok 103 - uniform.point7.generator_bounds: original generator Q bounds are respected
ok 104 - uniform.point7.converter_balance: converter power balance 5.16358467095e-10 pu
ok 105 - uniform.point7.loss_equation: unchanged converter loss equation and nonnegative losses
ok 106 - uniform.point7.dc_balance: DC nodal balance 8.10129741069e-13 pu
ok 107 - uniform.point8.fixed_pf.success: success; nonlinear residual 3.28402470399e-12 <= 1e-08
ok 108 - uniform.point8.fixed_pf.ac_balance: complete station-network AC balance 2.58182808466e-10 pu
ok 109 - uniform.point8.fixed_pf.converter_balance: converter power balance 9.54791801178e-17 pu
ok 110 - uniform.point8.fixed_pf.loss_equation: unchanged converter loss equation and nonnegative losses
ok 111 - uniform.point8.fixed_pf.dc_balance: DC nodal balance 1.05471187339e-14 pu
ok 112 - uniform.point8.cpf_ac_balance: CPF trace reconstructed full station-network balance 1.55043430793e-09 pu
ok 113 - uniform.point8.pf_cpf_voltage: complex bus voltages agree at matched load and discrete state
ok 114 - uniform.point8.pf_cpf_converter: converter injections and losses agree at matched state
ok 115 - uniform.point8.load: accepted demand equals affine loading at reported lambda
ok 116 - uniform.point8.grid: all accepted taps belong to the unchanged finite grid
ok 117 - uniform.point8.generator_bounds: original generator Q bounds are respected
ok 118 - uniform.point8.converter_balance: converter power balance 6.69563893219e-11 pu
ok 119 - uniform.point8.loss_equation: unchanged converter loss equation and nonnegative losses
ok 120 - uniform.point8.dc_balance: DC nodal balance 1.18460796728e-13 pu
ok 121 - uniform.point9.fixed_pf.success: success; nonlinear residual 2.54793408594e-12 <= 1e-08
ok 122 - uniform.point9.fixed_pf.ac_balance: complete station-network AC balance 1.49361067958e-09 pu
ok 123 - uniform.point9.fixed_pf.converter_balance: converter power balance 1.62092561595e-15 pu
ok 124 - uniform.point9.fixed_pf.loss_equation: unchanged converter loss equation and nonnegative losses
ok 125 - uniform.point9.fixed_pf.dc_balance: DC nodal balance 4.21884749358e-15 pu
ok 126 - uniform.point9.cpf_ac_balance: CPF trace reconstructed full station-network balance 5.0172404629e-09 pu
ok 127 - uniform.point9.pf_cpf_voltage: complex bus voltages agree at matched load and discrete state
ok 128 - uniform.point9.pf_cpf_converter: converter injections and losses agree at matched state
ok 129 - uniform.point9.load: accepted demand equals affine loading at reported lambda
ok 130 - uniform.point9.grid: all accepted taps belong to the unchanged finite grid
ok 131 - uniform.point9.generator_bounds: original generator Q bounds are respected
ok 132 - uniform.point9.converter_balance: converter power balance 1.42313325568e-10 pu
ok 133 - uniform.point9.loss_equation: unchanged converter loss equation and nonnegative losses
ok 134 - uniform.point9.dc_balance: DC nodal balance 2.20989893052e-13 pu
ok 135 - uniform.automatic_pf.success: success; nonlinear residual 2.55351295664e-12 <= 1e-08
ok 136 - uniform.automatic_pf.ac_balance: complete station-network AC balance 1.49549672646e-09 pu
ok 137 - uniform.automatic_pf.converter_balance: converter power balance 4.19886347913e-15 pu
ok 138 - uniform.automatic_pf.loss_equation: unchanged converter loss equation and nonnegative losses
ok 139 - uniform.automatic_pf.dc_balance: DC nodal balance 4.10782519111e-15 pu
ok 140 - uniform.automatic_agreement: independent automatic PF reaches the same endpoint control state and voltage
ok 141 - uniform.raw_sync: CW=1 WINDV agrees with exported branch tap
ok 142 - uniform.half_step.success: success; nonlinear residual 9.98113229248e-12 <= 1e-08
ok 143 - uniform.half_step.ac_balance: complete station-network AC balance 1.51128987586e-09 pu
ok 144 - uniform.half_step.converter_balance: converter power balance 3.11592973645e-13 pu
ok 145 - uniform.half_step.loss_equation: unchanged converter loss equation and nonnegative losses
ok 146 - uniform.half_step.dc_balance: DC nodal balance 2.77555756156e-15 pu
ok 147 - uniform.step_sensitivity: halved continuation step retains matched endpoint and control state
ok 148 - load_side.endpoint: requested loading reached
ok 149 - load_side.cpf.success: success; nonlinear residual 3.66676641576e-12 <= 1e-08
ok 150 - load_side.cpf.ac_balance: complete station-network AC balance 5.79029824091e-10 pu
ok 151 - load_side.cpf.converter_balance: converter power balance 2.66231481305e-15 pu
ok 152 - load_side.cpf.loss_equation: unchanged converter loss equation and nonnegative losses
ok 153 - load_side.cpf.dc_balance: DC nodal balance 4.66293670343e-15 pu
ok 154 - load_side.policy: controls active with stop policy and no lock/freeze event
ok 155 - load_side.initial_move: initial off-grid tap is normalized and electrically corrected
ok 156 - load_side.later_move: load-side growth triggers an accepted post-base tap event
ok 157 - load_side.point1.fixed_pf.success: success; nonlinear residual 1.19015380884e-10 <= 1e-08
ok 158 - load_side.point1.fixed_pf.ac_balance: complete station-network AC balance 1.62141267591e-09 pu
ok 159 - load_side.point1.fixed_pf.converter_balance: converter power balance 2.34107422337e-11 pu
ok 160 - load_side.point1.fixed_pf.loss_equation: unchanged converter loss equation and nonnegative losses
ok 161 - load_side.point1.fixed_pf.dc_balance: DC nodal balance 2.38697950294e-14 pu
ok 162 - load_side.point1.cpf_ac_balance: CPF trace reconstructed full station-network balance 2.45978296532e-12 pu
ok 163 - load_side.point1.pf_cpf_voltage: complex bus voltages agree at matched load and discrete state
ok 164 - load_side.point1.pf_cpf_converter: converter injections and losses agree at matched state
ok 165 - load_side.point1.load: accepted demand equals affine loading at reported lambda
ok 166 - load_side.point1.grid: all accepted taps belong to the unchanged finite grid
ok 167 - load_side.point1.generator_bounds: original generator Q bounds are respected
ok 168 - load_side.point1.converter_balance: converter power balance 3.35953487252e-15 pu
ok 169 - load_side.point1.loss_equation: unchanged converter loss equation and nonnegative losses
ok 170 - load_side.point1.dc_balance: DC nodal balance 1.23234755733e-14 pu
ok 171 - load_side.point2.fixed_pf.success: success; nonlinear residual 3.13479603387e-10 <= 1e-08
ok 172 - load_side.point2.fixed_pf.ac_balance: complete station-network AC balance 1.59836846249e-09 pu
ok 173 - load_side.point2.fixed_pf.converter_balance: converter power balance 7.7944597443e-11 pu
ok 174 - load_side.point2.fixed_pf.loss_equation: unchanged converter loss equation and nonnegative losses
ok 175 - load_side.point2.fixed_pf.dc_balance: DC nodal balance 5.12923037377e-14 pu
ok 176 - load_side.point2.cpf_ac_balance: CPF trace reconstructed full station-network balance 4.9153753954e-12 pu
ok 177 - load_side.point2.pf_cpf_voltage: complex bus voltages agree at matched load and discrete state
ok 178 - load_side.point2.pf_cpf_converter: converter injections and losses agree at matched state
ok 179 - load_side.point2.load: accepted demand equals affine loading at reported lambda
ok 180 - load_side.point2.grid: all accepted taps belong to the unchanged finite grid
ok 181 - load_side.point2.generator_bounds: original generator Q bounds are respected
ok 182 - load_side.point2.converter_balance: converter power balance 1.09201536702e-14 pu
ok 183 - load_side.point2.loss_equation: unchanged converter loss equation and nonnegative losses
ok 184 - load_side.point2.dc_balance: DC nodal balance 4.99600361081e-15 pu
ok 185 - load_side.point3.fixed_pf.success: success; nonlinear residual 1.29894006662e-09 <= 1e-08
ok 186 - load_side.point3.fixed_pf.ac_balance: complete station-network AC balance 1.46467132908e-09 pu
ok 187 - load_side.point3.fixed_pf.converter_balance: converter power balance 2.02739158794e-10 pu
ok 188 - load_side.point3.fixed_pf.loss_equation: unchanged converter loss equation and nonnegative losses
ok 189 - load_side.point3.fixed_pf.dc_balance: DC nodal balance 1.05582209642e-13 pu
ok 190 - load_side.point3.cpf_ac_balance: CPF trace reconstructed full station-network balance 4.56491722194e-12 pu
ok 191 - load_side.point3.pf_cpf_voltage: complex bus voltages agree at matched load and discrete state
ok 192 - load_side.point3.pf_cpf_converter: converter injections and losses agree at matched state
ok 193 - load_side.point3.load: accepted demand equals affine loading at reported lambda
ok 194 - load_side.point3.grid: all accepted taps belong to the unchanged finite grid
ok 195 - load_side.point3.generator_bounds: original generator Q bounds are respected
ok 196 - load_side.point3.converter_balance: converter power balance 4.08784117667e-15 pu
ok 197 - load_side.point3.loss_equation: unchanged converter loss equation and nonnegative losses
ok 198 - load_side.point3.dc_balance: DC nodal balance 1.28230759344e-14 pu
ok 199 - load_side.point4.fixed_pf.success: success; nonlinear residual 4.68609795412e-09 <= 1e-08
ok 200 - load_side.point4.fixed_pf.ac_balance: complete station-network AC balance 5.28565019671e-09 pu
ok 201 - load_side.point4.fixed_pf.converter_balance: converter power balance 4.65090543855e-10 pu
ok 202 - load_side.point4.fixed_pf.loss_equation: unchanged converter loss equation and nonnegative losses
ok 203 - load_side.point4.fixed_pf.dc_balance: DC nodal balance 2.06779038336e-13 pu
ok 204 - load_side.point4.cpf_ac_balance: CPF trace reconstructed full station-network balance 1.69551534335e-12 pu
ok 205 - load_side.point4.pf_cpf_voltage: complex bus voltages agree at matched load and discrete state
ok 206 - load_side.point4.pf_cpf_converter: converter injections and losses agree at matched state
ok 207 - load_side.point4.load: accepted demand equals affine loading at reported lambda
ok 208 - load_side.point4.grid: all accepted taps belong to the unchanged finite grid
ok 209 - load_side.point4.generator_bounds: original generator Q bounds are respected
ok 210 - load_side.point4.converter_balance: converter power balance 5.68656233213e-15 pu
ok 211 - load_side.point4.loss_equation: unchanged converter loss equation and nonnegative losses
ok 212 - load_side.point4.dc_balance: DC nodal balance 8.16013923099e-15 pu
ok 213 - load_side.point5.fixed_pf.success: success; nonlinear residual 1.72087344374e-12 <= 1e-08
ok 214 - load_side.point5.fixed_pf.ac_balance: complete station-network AC balance 5.82528303372e-10 pu
ok 215 - load_side.point5.fixed_pf.converter_balance: converter power balance 4.64517313503e-15 pu
ok 216 - load_side.point5.fixed_pf.loss_equation: unchanged converter loss equation and nonnegative losses
ok 217 - load_side.point5.fixed_pf.dc_balance: DC nodal balance 1.14908083049e-14 pu
ok 218 - load_side.point5.cpf_ac_balance: CPF trace reconstructed full station-network balance 2.45517269556e-12 pu
ok 219 - load_side.point5.pf_cpf_voltage: complex bus voltages agree at matched load and discrete state
ok 220 - load_side.point5.pf_cpf_converter: converter injections and losses agree at matched state
ok 221 - load_side.point5.load: accepted demand equals affine loading at reported lambda
ok 222 - load_side.point5.grid: all accepted taps belong to the unchanged finite grid
ok 223 - load_side.point5.generator_bounds: original generator Q bounds are respected
ok 224 - load_side.point5.converter_balance: converter power balance 2.00728322852e-15 pu
ok 225 - load_side.point5.loss_equation: unchanged converter loss equation and nonnegative losses
ok 226 - load_side.point5.dc_balance: DC nodal balance 2.83106871279e-15 pu
ok 227 - load_side.point6.fixed_pf.success: success; nonlinear residual 1.98360772252e-12 <= 1e-08
ok 228 - load_side.point6.fixed_pf.ac_balance: complete station-network AC balance 5.08941666591e-10 pu
ok 229 - load_side.point6.fixed_pf.converter_balance: converter power balance 1.49880108324e-15 pu
ok 230 - load_side.point6.fixed_pf.loss_equation: unchanged converter loss equation and nonnegative losses
ok 231 - load_side.point6.fixed_pf.dc_balance: DC nodal balance 1.98174809896e-14 pu
ok 232 - load_side.point6.cpf_ac_balance: CPF trace reconstructed full station-network balance 3.42591899708e-12 pu
ok 233 - load_side.point6.pf_cpf_voltage: complex bus voltages agree at matched load and discrete state
ok 234 - load_side.point6.pf_cpf_converter: converter injections and losses agree at matched state
ok 235 - load_side.point6.load: accepted demand equals affine loading at reported lambda
ok 236 - load_side.point6.grid: all accepted taps belong to the unchanged finite grid
ok 237 - load_side.point6.generator_bounds: original generator Q bounds are respected
ok 238 - load_side.point6.converter_balance: converter power balance 2.58015830923e-15 pu
ok 239 - load_side.point6.loss_equation: unchanged converter loss equation and nonnegative losses
ok 240 - load_side.point6.dc_balance: DC nodal balance 1.08801856413e-14 pu
ok 241 - load_side.point7.fixed_pf.success: success; nonlinear residual 1.96354044135e-12 <= 1e-08
ok 242 - load_side.point7.fixed_pf.ac_balance: complete station-network AC balance 8.79339823183e-10 pu
ok 243 - load_side.point7.fixed_pf.converter_balance: converter power balance 5.40012479178e-15 pu
ok 244 - load_side.point7.fixed_pf.loss_equation: unchanged converter loss equation and nonnegative losses
ok 245 - load_side.point7.fixed_pf.dc_balance: DC nodal balance 1.05471187339e-14 pu
ok 246 - load_side.point7.cpf_ac_balance: CPF trace reconstructed full station-network balance 2.2660303535e-12 pu
ok 247 - load_side.point7.pf_cpf_voltage: complex bus voltages agree at matched load and discrete state
ok 248 - load_side.point7.pf_cpf_converter: converter injections and losses agree at matched state
ok 249 - load_side.point7.load: accepted demand equals affine loading at reported lambda
ok 250 - load_side.point7.grid: all accepted taps belong to the unchanged finite grid
ok 251 - load_side.point7.generator_bounds: original generator Q bounds are respected
ok 252 - load_side.point7.converter_balance: converter power balance 1.71640479607e-15 pu
ok 253 - load_side.point7.loss_equation: unchanged converter loss equation and nonnegative losses
ok 254 - load_side.point7.dc_balance: DC nodal balance 1.40998324127e-14 pu
ok 255 - load_side.point8.fixed_pf.success: success; nonlinear residual 3.14822955179e-12 <= 1e-08
ok 256 - load_side.point8.fixed_pf.ac_balance: complete station-network AC balance 1.32590272095e-10 pu
ok 257 - load_side.point8.fixed_pf.converter_balance: converter power balance 1.10156328503e-14 pu
ok 258 - load_side.point8.fixed_pf.loss_equation: unchanged converter loss equation and nonnegative losses
ok 259 - load_side.point8.fixed_pf.dc_balance: DC nodal balance 1.22124532709e-14 pu
ok 260 - load_side.point8.cpf_ac_balance: CPF trace reconstructed full station-network balance 4.15731576613e-12 pu
ok 261 - load_side.point8.pf_cpf_voltage: complex bus voltages agree at matched load and discrete state
ok 262 - load_side.point8.pf_cpf_converter: converter injections and losses agree at matched state
ok 263 - load_side.point8.load: accepted demand equals affine loading at reported lambda
ok 264 - load_side.point8.grid: all accepted taps belong to the unchanged finite grid
ok 265 - load_side.point8.generator_bounds: original generator Q bounds are respected
ok 266 - load_side.point8.converter_balance: converter power balance 4.01900734914e-16 pu
ok 267 - load_side.point8.loss_equation: unchanged converter loss equation and nonnegative losses
ok 268 - load_side.point8.dc_balance: DC nodal balance 9.49240686055e-15 pu
ok 269 - load_side.point9.fixed_pf.success: success; nonlinear residual 3.53900242445e-12 <= 1e-08
ok 270 - load_side.point9.fixed_pf.ac_balance: complete station-network AC balance 1.4754514277e-09 pu
ok 271 - load_side.point9.fixed_pf.converter_balance: converter power balance 2.87991852588e-15 pu
ok 272 - load_side.point9.fixed_pf.loss_equation: unchanged converter loss equation and nonnegative losses
ok 273 - load_side.point9.fixed_pf.dc_balance: DC nodal balance 9.71445146547e-15 pu
ok 274 - load_side.point9.cpf_ac_balance: CPF trace reconstructed full station-network balance 2.81450665893e-12 pu
ok 275 - load_side.point9.pf_cpf_voltage: complex bus voltages agree at matched load and discrete state
ok 276 - load_side.point9.pf_cpf_converter: converter injections and losses agree at matched state
ok 277 - load_side.point9.load: accepted demand equals affine loading at reported lambda
ok 278 - load_side.point9.grid: all accepted taps belong to the unchanged finite grid
ok 279 - load_side.point9.generator_bounds: original generator Q bounds are respected
ok 280 - load_side.point9.converter_balance: converter power balance 2.15383266777e-15 pu
ok 281 - load_side.point9.loss_equation: unchanged converter loss equation and nonnegative losses
ok 282 - load_side.point9.dc_balance: DC nodal balance 9.71445146547e-15 pu
ok 283 - load_side.point10.fixed_pf.success: success; nonlinear residual 2.45773775956e-12 <= 1e-08
ok 284 - load_side.point10.fixed_pf.ac_balance: complete station-network AC balance 1.50414336542e-09 pu
ok 285 - load_side.point10.fixed_pf.converter_balance: converter power balance 2.71560551823e-15 pu
ok 286 - load_side.point10.fixed_pf.loss_equation: unchanged converter loss equation and nonnegative losses
ok 287 - load_side.point10.fixed_pf.dc_balance: DC nodal balance 5.49560397189e-15 pu
ok 288 - load_side.point10.cpf_ac_balance: CPF trace reconstructed full station-network balance 1.44202287522e-11 pu
ok 289 - load_side.point10.pf_cpf_voltage: complex bus voltages agree at matched load and discrete state
ok 290 - load_side.point10.pf_cpf_converter: converter injections and losses agree at matched state
ok 291 - load_side.point10.load: accepted demand equals affine loading at reported lambda
ok 292 - load_side.point10.grid: all accepted taps belong to the unchanged finite grid
ok 293 - load_side.point10.generator_bounds: original generator Q bounds are respected
ok 294 - load_side.point10.converter_balance: converter power balance 3.2525315774e-13 pu
ok 295 - load_side.point10.loss_equation: unchanged converter loss equation and nonnegative losses
ok 296 - load_side.point10.dc_balance: DC nodal balance 8.60422844084e-15 pu
ok 297 - load_side.point11.fixed_pf.success: success; nonlinear residual 2.11700973361e-12 <= 1e-08
ok 298 - load_side.point11.fixed_pf.ac_balance: complete station-network AC balance 1.52791201913e-09 pu
ok 299 - load_side.point11.fixed_pf.converter_balance: converter power balance 2.6645352591e-15 pu
ok 300 - load_side.point11.fixed_pf.loss_equation: unchanged converter loss equation and nonnegative losses
ok 301 - load_side.point11.fixed_pf.dc_balance: DC nodal balance 1.12132525487e-14 pu
ok 302 - load_side.point11.cpf_ac_balance: CPF trace reconstructed full station-network balance 2.55200978279e-09 pu
ok 303 - load_side.point11.pf_cpf_voltage: complex bus voltages agree at matched load and discrete state
ok 304 - load_side.point11.pf_cpf_converter: converter injections and losses agree at matched state
ok 305 - load_side.point11.load: accepted demand equals affine loading at reported lambda
ok 306 - load_side.point11.grid: all accepted taps belong to the unchanged finite grid
ok 307 - load_side.point11.generator_bounds: original generator Q bounds are respected
ok 308 - load_side.point11.converter_balance: converter power balance 7.13388237372e-12 pu
ok 309 - load_side.point11.loss_equation: unchanged converter loss equation and nonnegative losses
ok 310 - load_side.point11.dc_balance: DC nodal balance 8.21565038223e-15 pu
ok 311 - load_side.point12.fixed_pf.success: success; nonlinear residual 1.74202319236e-12 <= 1e-08
ok 312 - load_side.point12.fixed_pf.ac_balance: complete station-network AC balance 5.78940562162e-10 pu
ok 313 - load_side.point12.fixed_pf.converter_balance: converter power balance 1.88737914186e-16 pu
ok 314 - load_side.point12.fixed_pf.loss_equation: unchanged converter loss equation and nonnegative losses
ok 315 - load_side.point12.fixed_pf.dc_balance: DC nodal balance 9.7699626167e-15 pu
ok 316 - load_side.point12.cpf_ac_balance: CPF trace reconstructed full station-network balance 2.64579560022e-12 pu
ok 317 - load_side.point12.pf_cpf_voltage: complex bus voltages agree at matched load and discrete state
ok 318 - load_side.point12.pf_cpf_converter: converter injections and losses agree at matched state
ok 319 - load_side.point12.load: accepted demand equals affine loading at reported lambda
ok 320 - load_side.point12.grid: all accepted taps belong to the unchanged finite grid
ok 321 - load_side.point12.generator_bounds: original generator Q bounds are respected
ok 322 - load_side.point12.converter_balance: converter power balance 2.66231481305e-15 pu
ok 323 - load_side.point12.loss_equation: unchanged converter loss equation and nonnegative losses
ok 324 - load_side.point12.dc_balance: DC nodal balance 4.66293670343e-15 pu
ok 325 - load_side.automatic_pf.success: success; nonlinear residual 1.1361633856e-11 <= 1e-08
ok 326 - load_side.automatic_pf.ac_balance: complete station-network AC balance 5.96740571202e-10 pu
ok 327 - load_side.automatic_pf.converter_balance: converter power balance 3.49025253144e-13 pu
ok 328 - load_side.automatic_pf.loss_equation: unchanged converter loss equation and nonnegative losses
ok 329 - load_side.automatic_pf.dc_balance: DC nodal balance 5.77315972805e-15 pu
ok 330 - load_side.automatic_agreement: independent automatic PF reaches the same endpoint control state and voltage
ok 331 - load_side.raw_sync: CW=1 WINDV agrees with exported branch tap
ok 332 - load_side.half_step.success: success; nonlinear residual 2.62320909741e-12 <= 1e-08
ok 333 - load_side.half_step.ac_balance: complete station-network AC balance 1.46904544085e-09 pu
ok 334 - load_side.half_step.converter_balance: converter power balance 4.71622740861e-15 pu
ok 335 - load_side.half_step.loss_equation: unchanged converter loss equation and nonnegative losses
ok 336 - load_side.half_step.dc_balance: DC nodal balance 9.27036225562e-15 pu
ok 337 - load_side.step_sensitivity: halved continuation step retains matched endpoint and control state
Ran 337 of 337 tests: 336 passed, 1 failed
Elapsed time 0.01 seconds.
