PSSE CLI power-flow run configuration
====================================
RAW file: C:\Users\Santiago\Documents\PROYECTO FINAL DE CARRERA - MATPOWER\auditoria_psse_matpower\psse_validation_suite\suite_i_twodc_varlim1_loss.raw
PSSE executable: C:\Program Files (x86)\PTI\PSSE34\PSSBIN\pssecmd34.exe
RAW output version: 34
Solver: FNSL
Solver option array code form: BAT_FNSL 0 0 0 1 0 0 1 0
Solver option array values: 0 0 0 1 0 0 1 0

Explicit solver option parameters:
- Option 1, tap adjustment flag = 0: disable transformer tap adjustment.
- Option 2, area interchange adjustment flag = 0: disable area interchange adjustment.
- Option 3, phase shift adjustment flag = 0: disable phase-shifter adjustment.
- Option 4, DC tap adjustment flag = 1: enable DC tap adjustment.
- Option 5, switched shunt adjustment flag = 0: disable switched-shunt adjustment.
- Option 6, flat start flag = 0: do not flat start; use voltages already present in the RAW/case.
- Option 7, VAR limit flag = 1: apply generator reactive power limits on iteration 1, or sooner if mismatch gets small.
- Option 8, non-divergent solution flag = 0: disable non-divergent Newton solution.

Additional explicit solver parameters:
- RAW GENERAL, THRSHZ=0.0001: set with BAT_SOLUTION_PARAMETERS_4 REALAR(11).
- RAW SOLVER line applied to BAT_FNSL option array: SOLVER, FNSL, ACTAPS=0, AREAIN=0, PHSHFT=0, DCTAPS=1, SWSHNT=0, FLATST=0, VARLIM=1, NONDIV=0

Generated PSSE response commands:
  BAT_READ 0 "C:\Users\Santiago\Documents\PROYECTO FINAL DE CARRERA - MATPOWER\auditoria_psse_matpower\psse_validation_suite\suite_i_twodc_varlim1_loss.raw"
  BAT_SOLUTION_PARAMETERS_4 100 20 20 100 10 1.6 1.6 1 0.0001 1 0.1 1 1E-05 5 0.7 0.0001 0.005 1 0.05 0.99 0.99 0.1 1E-05 100
  BAT_FNSL 0 0 0 1 0 0 1 0
  BAT_LAMP 0 1
  BAT_POUT 0 1
  BAT_LOUT 0 1
  BAT_VCHK 0 1 0.95 1.05
  BAT_RATE_2 0 1 1 1 1 1 100.0
  BAT_REGB 0 1
  BAT_OUTS 0 1
  BAT_SHNT 0 1 1
  BAT_LIST 0 1 1 0
  BAT_LIST 0 1 2 0
  BAT_LIST 0 1 3 0
  BAT_LIST 0 1 4 0
  BAT_LIST 0 1 5 0
  BAT_LIST 0 1 6 0
  BAT_LIST 0 1 7 0
  BAT_LIST 0 1 10 0
  BAT_LIST 0 1 18 0
  BAT_LIST 0 1 20 0
  BAT_LIST 0 1 27 0
  BAT_LIST 0 1 28 0
  BAT_AREA_2 0 1 2
  BAT_ZONE_2 0 1 2
  BAT_WRITERAWVERSION '34' 0 "C:\Users\Santiago\Documents\PROYECTO FINAL DE CARRERA - MATPOWER\outputs\reanudacion_20260910\psse_suite\solved_raw\suite_i_twodc_varlim1_loss_solved.raw"
  BAT_SAVE "C:\Users\Santiago\Documents\PROYECTO FINAL DE CARRERA - MATPOWER\outputs\reanudacion_20260910\psse_suite\suite_i_twodc_varlim1_loss.sav"
  STOP

PSSE console output
===================


 PSS(R)E Version 34
 Copyright (c) 1976-2026
 Siemens Industry, Inc.,
 Power Technologies International                            (PTI)
 This program is a confidential  unpublished  work  created  and  first
 licensed in 1976.  It is a trade secret which is the property of  PTI.
 All use,  disclosure,  and/or reproduction not specifically authorized
 by  PTI  is prohibited.   This  program is protected  under  copyright
 laws  of  non-U.S.  countries  and  by  application  of  international
 treaties.  All  Rights  Reserved  Under  The  Copyright  Laws.


           SIEMENS POWER TECHNOLOGIES INTERNATIONAL

      50000 BUS POWER SYSTEM SIMULATOR--PSS(R)E-34.9.3

             INITIATED ON THU, SEP 10 2026  11:22

 ACTIVITY? 
 Reading IC, SBASE, REV, XFRRAT, NXFRAT, BASFRQ...

 Reading two line case heading...

 Reading system-wide data...

 Reading bus data...

 Reading load data...

 Reading fixed bus shunt data...

 Reading generator data...

 Reading non-transformer branch data...

 Reading system switching device data...

 Reading transformer data...

 Reading area interchange data...

 Reading two-terminal dc line data...

 Reading VSC dc line data...

 Reading transformer impedance correction data...

 Reading multi-terminal dc line data...

 Reading multi-section line data...

 Reading zone name data...

 Reading inter-area transfer data...

 Reading owner name data...

 Reading FACTS device data...

 Reading switched shunt data...

 Reading GNE device data...

 Reading induction machine data...

 Reading substation data...
 Batch command complete.
 : 
 Power flow solution parameters changed:
 X--ORIGINAL--X  X-NEW VALUE--X  DATA ITEM
         99             100      MXTPSS
 Batch command complete.
 : 
 Ordering network...
 Diagonals = 3   Off-diagonals = 1   Maximum size = 2

  ITER       DELTAP      BUS         DELTAQ      BUS        DELTA/V/      BUS       DELTAANG      BUS
   0         0.8000(      4     )    0.3000(      4     )
                                                             0.06749(      4     )   0.08234(      4     )
   1         0.0860(      4     )    0.0307(      3     )
                                                             0.01140(      4     )   0.00969(      4     )
   2         0.0024(      2     )    0.0064(      2     )
                                                             0.00070(      2     )   0.00043(      4     )
   3         0.0000(      3     )    0.0009(      2     )


 Reached tolerance in 3 iterations

 Largest mismatch:     -0.00 MW      0.09 Mvar      0.09 MVA at bus 2 [RECT        230.00]
 System total absolute mismatch:                    0.10 MVA

 SWING BUS SUMMARY:
   BUS#-SCT X-- NAME --X BASKV      PGEN     PMAX    PMIN      QGEN     QMAX    QMIN
      1     SLACK       230.00      81.6    200.0     0.0      57.5    200.0  -200.0
 Batch command complete.
 :                                         PTI INTERACTIVE POWER SYSTEM SIMULATOR--PSS(R)E     THU, SEP 10 2026  11:22
                         SUITE_I_TWODC_VARLIM1_LOSS                                       %MVA FOR TRANSFORMERS
                         TWODC LOSS MODEL WITH VAR-LIMIT FLAG ENABLED                     % I  FOR NON-TRANSFORMER BRANCHES

 X--------- FROM BUS --------X AREA  VOLT            GEN    LOAD    SHUNT  X------------ TO BUS ------------X                     TRANSFORMER            RATING
   BUS#-SCT X-- NAME --X BASKV ZONE  PU/KV  ANGLE  MW/MVAR MW/MVAR MW/MVAR   BUS#-SCT X-- NAME --X BASKV AREA CKT   MW    MVAR   RATIO   ANGLE   AMPS   %  SET 1

      1     SLACK       230.00    1 1.0000    0.0    81.6      0.0     0.0 -------------------------------------------------------------------------------------
                                  1 230.00           57.5R     0.0    -0.0      2     RECT        230.00    1  1    29.3    9.1                    77  15   502A
                                                                                3     INV         230.00    1  1    52.3   48.4                   179  36   502A
      2     RECT        230.00    1 0.9884   -1.6     0.0      0.0     0.0 -------------------------------------------------------------------------------------
                                  1 227.34            0.0      0.0    -0.0      3     INV         230.00    1 2DR   29.2    8.2 1.013RG  15.4RG    77 "DC TEST"
                                                                                1     SLACK       230.00    1  1   -29.2   -8.1                    77  15   502A
      3     INV         230.00    1 0.9475   -2.9     0.0      0.0     0.0 -------------------------------------------------------------------------------------
                                  1 217.93            0.0      0.0    -0.0      2     RECT        230.00    1 2DI  -29.1    9.1 0.966LO  17.0LO    81 "DC TEST"
                                                                                1     SLACK       230.00    1  1   -51.8  -43.4                   179  36   502A
                                                                                4     LOAD        230.00    1  1    80.9   34.3                   233  46   502A
      4     LOAD        230.00    1 0.9217   -5.3     0.0     80.0     0.0 -------------------------------------------------------------------------------------
                                  1 212.00            0.0     30.0    -0.0      3     INV         230.00    1  1   -80.0  -30.0                   233  46   502A

 Output completed
 Batch command complete.
 :      PTI INTERACTIVE POWER SYSTEM SIMULATOR--PSS(R)E     THU, SEP 10 2026  11:22
 SUITE_I_TWODC_VARLIM1_LOSS                                               RATING   %MVA FOR TRANSFORMERS
 TWODC LOSS MODEL WITH VAR-LIMIT FLAG ENABLED                             SET  1   % I  FOR NON-TRANSFORMER BRANCHES

 BUS      1     SLACK       230.00 CKT     MW     MVAR     MVA   % 1.0000PU    0.00  X--- LOSSES ---X X---- AREA -----X X---- ZONE -----X      1
  FROM GENERATION                         81.6    57.5R   99.8 100 230.00KV               MW     MVAR    1                 1
  TO      2     RECT        230.00  1     29.3     9.1    30.7  15                       0.09    0.94    1                 1
  TO      3     INV         230.00  1     52.3    48.4    71.3  36                       0.51    5.08    1                 1

 BUS      2     RECT        230.00 CKT     MW     MVAR     MVA   % 0.9884PU   -1.65  X--- LOSSES ---X X---- AREA -----X X---- ZONE -----X      2
                                                                   227.34KV               MW     MVAR    1                 1
  TO      3     INV         230.00 2DR    29.2     8.2    30.3     1.0125RG   15.38RG    0.10   17.28    1                 1              "DC TEST"
  TO      1     SLACK       230.00  1    -29.2    -8.1    30.3  15                       0.09    0.94    1                 1

 BUS      3     INV         230.00 CKT     MW     MVAR     MVA   % 0.9475PU   -2.87  X--- LOSSES ---X X---- AREA -----X X---- ZONE -----X      3
                                                                   217.93KV               MW     MVAR    1                 1
  TO      2     RECT        230.00 2DI   -29.1     9.1    30.5     0.9660LO   17.00LO    0.10   17.28    1                 1              "DC TEST"
  TO      1     SLACK       230.00  1    -51.8   -43.4    67.5  36                       0.51    5.08    1                 1
  TO      4     LOAD        230.00  1     80.9    34.3    87.8  46                       0.86    4.30    1                 1

 BUS      4     LOAD        230.00 CKT     MW     MVAR     MVA   % 0.9217PU   -5.30  X--- LOSSES ---X X---- AREA -----X X---- ZONE -----X      4
                                                                   212.00KV               MW     MVAR    1                 1
  TO LOAD-PQ                              80.0    30.0    85.4
  TO      3     INV         230.00  1    -80.0   -30.0    85.4  46                       0.86    4.30    1                 1

 Output completed
 Batch command complete.
 :                                         PTI INTERACTIVE POWER SYSTEM SIMULATOR--PSS(R)E     THU, SEP 10 2026  11:22
                         SUITE_I_TWODC_VARLIM1_LOSS                                       %MVA FOR TRANSFORMERS
                         TWODC LOSS MODEL WITH VAR-LIMIT FLAG ENABLED                     % I  FOR NON-TRANSFORMER BRANCHES

 X--------- FROM BUS --------X AREA  VOLT            GEN    LOAD    SHUNT  X------------ TO BUS ------------X                        TRANSFORMER     RATING
   BUS#-SCT X-- NAME --X BASKV ZONE  PU/KV  ANGLE  MW/MVAR MW/MVAR MW/MVAR   BUS#-SCT X-- NAME --X BASKV AREA CKT    MW     MVAR    RATIO   ANGLE   %  SET 1

      1     SLACK       230.00    1 1.0000    0.0    81.6      0.0     0.0 ---------------------------------------------------------------------------------
                                  1 230.00           57.5R     0.0    -0.0      2     RECT        230.00    1  1     29.3     9.1                   15   200
                                                                                3     INV         230.00    1  1     52.3    48.4                   36   200
      2     RECT        230.00    1 0.9884   -1.6     0.0      0.0     0.0 ---------------------------------------------------------------------------------
                                  1 227.34            0.0      0.0    -0.0      3     INV         230.00    1 2DR    29.2     8.2  1.013RG  15.4RG "DC TEST"
                                                                                1     SLACK       230.00    1  1    -29.2    -8.1                   15   200
      3     INV         230.00    1 0.9475   -2.9     0.0      0.0     0.0 ---------------------------------------------------------------------------------
                                  1 217.93            0.0      0.0    -0.0      2     RECT        230.00    1 2DI   -29.1     9.1  0.966LO  17.0LO "DC TEST"
                                                                                1     SLACK       230.00    1  1    -51.8   -43.4                   36   200
                                                                                4     LOAD        230.00    1  1     80.9    34.3                   46   200
      4     LOAD        230.00    1 0.9217   -5.3     0.0     80.0     0.0 ---------------------------------------------------------------------------------
                                  1 212.00            0.0     30.0    -0.0      3     INV         230.00    1  1    -80.0   -30.0                   46   200

 Output completed
 Batch command complete.
 :      PTI INTERACTIVE POWER SYSTEM SIMULATOR--PSS(R)E     THU, SEP 10 2026  11:22
 SUITE_I_TWODC_VARLIM1_LOSS
 TWODC LOSS MODEL WITH VAR-LIMIT FLAG ENABLED

 BUSES WITH VOLTAGE GREATER THAN 1.0500:

   BUS#-SCT X-- NAME --X BASKV AREA  V(PU)  V(KV)      BUS#-SCT X-- NAME --X BASKV AREA  V(PU)  V(KV)

                                            * NONE *


 BUSES WITH VOLTAGE LESS THAN 0.9500:

   BUS#-SCT X-- NAME --X BASKV AREA  V(PU)  V(KV)      BUS#-SCT X-- NAME --X BASKV AREA  V(PU)  V(KV)
      3     INV         230.00    1 0.9475 217.93         4     LOAD        230.00    1 0.9217 212.00

 Output completed
 Batch command complete.
 :      PTI INTERACTIVE POWER SYSTEM SIMULATOR--PSS(R)E     THU, SEP 10 2026  11:22
 SUITE_I_TWODC_VARLIM1_LOSS
 TWODC LOSS MODEL WITH VAR-LIMIT FLAG ENABLED

 SUBSYSTEM LOADING CHECK (INCLUDED: LINES; BREAKERS AND SWITCHES; TRANSFORMERS) (EXCLUDED: NONE)
 LOADINGS ABOVE 100.0 % OF RATING SET 1 (MVA FOR TRANSFORMERS, CURRENT FOR NON-TRANSFORMER BRANCHES):

 X----------- FROM BUS ------------X X------------ TO BUS -------------X
   BUS#-SCT X-- NAME --X BASKV  AREA   BUS#-SCT X-- NAME --X BASKV  AREA CKT LOADING   RATE1 PERCENT

                                   * NONE *

 Output completed
 Batch command complete.
 :      PTI INTERACTIVE POWER SYSTEM SIMULATOR--PSS(R)E     THU, SEP 10 2026  11:22
 SUITE_I_TWODC_VARLIM1_LOSS
 TWODC LOSS MODEL WITH VAR-LIMIT FLAG ENABLED

                                 X--VOLTAGE--X     X--SCHEDULED--X  X--VIOLATION--X
 X------ REGULATED  BUS -------X   P.U.    KV          VOLTAGE        P.U.     KV   X----------------------------- CONTROLLING  EQUIPMENT -----------------------------X
      1     [SLACK       230.00] 1.00000 230.0         1.00000                      LOCAL  GENERATION      1     [SLACK       230.00]

 Output completed
 Batch command complete.
 :      PTI INTERACTIVE POWER SYSTEM SIMULATOR--PSS(R)E     THU, SEP 10 2026  11:22
 SUITE_I_TWODC_VARLIM1_LOSS
 TWODC LOSS MODEL WITH VAR-LIMIT FLAG ENABLED

 OUT-OF-SERVICE BRANCHES:

 X----------- FROM BUS -----------X  X------------ TO BUS ------------X
   BUS#-SCT X-- NAME --X BASKV AREA    BUS#-SCT X-- NAME --X BASKV AREA  CKT

                                  ** NONE **


 OUT-OF-SERVICE THREE-WINDING TRANSFORMERS:

                                          X-------- WINDING 1 BUS ---------X X-------- WINDING 2 BUS ---------X X-------- WINDING 3 BUS ---------X
 X---------- TRANSFORMER NAME ----------X   BUS#-SCT X-- NAME --X BASKV AREA   BUS#-SCT X-- NAME --X BASKV AREA   BUS#-SCT X-- NAME --X BASKV AREA CKT

                                  ** NONE **


 ISOLATED BUSES:

 X-------------- BUS --------------X  X-------------- BUS --------------X  X-------------- BUS --------------X
   BUS#-SCT X-- NAME --X BASKV  AREA    BUS#-SCT X-- NAME --X BASKV  AREA    BUS#-SCT X-- NAME --X BASKV  AREA

                                  ** NONE **


 OUT-OF-SERVICE PLANTS:

 X-------------- BUS --------------X  X-------------- BUS --------------X  X-------------- BUS --------------X
   BUS#-SCT X-- NAME --X BASKV  AREA    BUS#-SCT X-- NAME --X BASKV  AREA    BUS#-SCT X-- NAME --X BASKV  AREA

                                  ** NONE **


 OUT-OF-SERVICE MACHINES AT IN-SERVICE PLANTS:

 X--------------- BUS ---------------X  X--------------- BUS ---------------X  X--------------- BUS ---------------X
   BUS#-SCT X-- NAME --X BASKV ID AREA    BUS#-SCT X-- NAME --X BASKV ID AREA    BUS#-SCT X-- NAME --X BASKV ID AREA

                                  ** NONE **


 OUT-OF-SERVICE INDUCTION MACHINES AT IN-SERVICE BUSES:

 X--------------- BUS ---------------X  X--------------- BUS ---------------X  X--------------- BUS ---------------X
   BUS#-SCT X-- NAME --X BASKV ID AREA    BUS#-SCT X-- NAME --X BASKV ID AREA    BUS#-SCT X-- NAME --X BASKV ID AREA

                                  ** NONE **


 OUT-OF-SERVICE LOADS AT IN-SERVICE BUSES:

 X--------------- BUS ---------------X  X--------------- BUS ---------------X  X--------------- BUS ---------------X
   BUS#-SCT X-- NAME --X BASKV ID AREA    BUS#-SCT X-- NAME --X BASKV ID AREA    BUS#-SCT X-- NAME --X BASKV ID AREA

                                  ** NONE **


 OUT-OF-SERVICE FIXED SHUNTS AT IN-SERVICE BUSES:

 X--------------- BUS ---------------X  X--------------- BUS ---------------X  X--------------- BUS ---------------X
   BUS#-SCT X-- NAME --X BASKV ID AREA    BUS#-SCT X-- NAME --X BASKV ID AREA    BUS#-SCT X-- NAME --X BASKV ID AREA

                                  ** NONE **


 BLOCKED TWO-TERMINAL DC LINES:

 X-2TERM DC-X  X-------- RECTIFIER --------X  X-------- INVERTER ---------X
 X-- NAME --X    BUS#-SCT X-- NAME --X BASKV    BUS#-SCT X-- NAME --X BASKV

                                  ** NONE **


 BLOCKED MULTI-TERMINAL DC LINES:

 X-MTERM DC-X  X-------- CONVERTER --------X  X-------- CONVERTER --------X  X-------- CONVERTER --------X
 X-- NAME --X    BUS#-SCT X-- NAME --X BASKV    BUS#-SCT X-- NAME --X BASKV    BUS#-SCT X-- NAME --X BASKV

                                  ** NONE **


 BLOCKED VSC DC LINES:

 X--VSC DC--X  X------ CONVERTER BUS ------X  X------ CONVERTER BUS ------X
 X-- NAME --X    BUS#-SCT X-- NAME --X BASKV    BUS#-SCT X-- NAME --X BASKV

                                  ** NONE **


 OUT-OF-SERVICE CONVERTERS AT IN-SERVICE VSC DC LINES:

 X--VSC DC--X  X------ CONVERTER BUS ------X  X------ CONVERTER BUS ------X
 X-- NAME --X    BUS#-SCT X-- NAME --X BASKV    BUS#-SCT X-- NAME --X BASKV

                                  ** NONE **


 BLOCKED FACTS CONTROL DEVICES:

 X--DEVICE--X  X------- SENDING BUS -------X  X------ TERMINAL BUS -------X
 X-- NAME --X    BUS#-SCT X-- NAME --X BASKV    BUS#-SCT X-- NAME --X BASKV

                                  ** NONE **


 OUT-OF-SERVICE GNE DEVICES:

 X--DEVICE--X  X-------- FROM BUS ---------X  X--------- TO BUS ----------X
 X-- NAME --X    BUS#-SCT X-- NAME --X BASKV    BUS#-SCT X-- NAME --X BASKV

                                  ** NONE **

 Output completed
 Batch command complete.
 :      PTI INTERACTIVE POWER SYSTEM SIMULATOR--PSS(R)E     THU, SEP 10 2026  11:22
 SUITE_I_TWODC_VARLIM1_LOSS                                                SHUNT
 TWODC LOSS MODEL WITH VAR-LIMIT FLAG ENABLED                            SUMMARY

                                                 N O M I N A L
   BUS#-SCT X-- NAME --X BASKV CODE ID STAT       MW      MVAR  VOLTAGE  TYPE    MODE ADJM     BMIN      BMAX

                                    * NONE *

 Output completed
 Batch command complete.
 :      PTI INTERACTIVE POWER SYSTEM SIMULATOR--PSS(R)E     THU, SEP 10 2026  11:22
 SUITE_I_TWODC_VARLIM1_LOSS                                       SYSTEM SUMMARY
 TWODC LOSS MODEL WITH VAR-LIMIT FLAG ENABLED

 ---------------------BUSES----------------------        -----GENERATION----- ----SHUNTS----- -IND MACHS- FACTS   GNE
  TOTAL  PQ<>0.  PQ=0.  PE/E   PE/Q  SWING  OTHER  LOADS PLANTS MACHNS   WIND  FIXED SWITCHED GENS MOTORS  DEVS  DEVS
      4      1      2      0      0      1      0      1      1      1      0      0      0      0      0     0     0
 ------------------AC BRANCHES------------------- 3WIND MULTI-SECTION ---DC LINES--                    AREA X------- SWING BUSES -------X
  TOTAL    RXB     RX    RXT   RX=0.    IN    OUT XFORM  LINES SECTNS 2TRM MTRM VSC AREAS ZONES OWNRS TRANS      1     SLACK       230.00
      3      0      3      0      0      3      0     0      0      0    1    0   0     1     1     1     0
      ----GENERATION---- INDUCTION                                       GNE
 TOTAL   SYNCHR  INDUCTN   MOTORS   PQLOAD   I LOAD   Y LOAD   SHUNTS  DEVICES CHARGING   LOSSES    SWING
 MW        81.6      0.0      0.0     80.0      0.0      0.0      0.0      0.0      0.0      1.6     81.6
 MVAR      57.5      0.0      0.0     30.0      0.0      0.0     -0.0      0.0      0.0     27.6     57.5

 TOTAL MISMATCH =    0.10 MVA X--------- AT BUS ----------X   THRSHZ  PQBRAK BLOWUP  SBASE MXTPSS
  MAX. MISMATCH =    0.09 MVA      2     RECT        230.00  0.000100  0.700   5.00 100.00  100
   HIGH VOLTAGE = 1.00000 PU       1     SLACK       230.00   ADJTHR  ACCTAP TAPLIM SWVBND MXSWIM
   LOW  VOLTAGE = 0.92172 PU       4     LOAD        230.00   0.0050  1.0000 0.0500  100.0   10

 X------ SOLV AND MSLV ------X  X----------------- NEWTON ------------------X  X----- TYSL -----X
  ACCP  ACCQ  ACCM   TOL  ITER  ACCN  TOLN  VCTOLQ  VCTOLV ITER  DVLIM NDVFCT  ACCTY    TOL  ITER
 1.600 1.600 1.000 0.00010 100  1.00 0.1000 0.1000 0.000010  20 0.9900 0.9900  1.000 0.000010  20
     PTI INTERACTIVE POWER SYSTEM SIMULATOR--PSS(R)E     THU, SEP 10 2026  11:22
 SUITE_I_TWODC_VARLIM1_LOSS                                              WORST
 TWODC LOSS MODEL WITH VAR-LIMIT FLAG ENABLED                         MISMATCHES
   BUS#-SCT X-- NAME --X BASKV       MW       MVAR       MVA
      2     RECT        230.00      0.00     -0.09      0.09
     PTI INTERACTIVE POWER SYSTEM SIMULATOR--PSS(R)E     THU, SEP 10 2026  11:22
 SUITE_I_TWODC_VARLIM1_LOSS                                           RATING SET
 TWODC LOSS MODEL WITH VAR-LIMIT FLAG ENABLED                        UTILIZATION
 RATING SET  -NAME-  X---------DESCRIPTION----------X  # NON-ZERO RATINGS
      1      RATE1   RATING SET 1                                 3
      2      RATE2   RATING SET 2                                 3
      3      RATE3   RATING SET 3                                 3
      4      RATE4   RATING SET 4                                 0
      5      RATE5   RATING SET 5                                 0
      6      RATE6   RATING SET 6                                 0
      7      RATE7   RATING SET 7                                 0
      8      RATE8   RATING SET 8                                 0
      9      RATE9   RATING SET 9                                 0
     10      RATE10  RATING SET 10                                0
     11      RATE11  RATING SET 11                                0
     12      RATE12  RATING SET 12                                0

 Output completed
 Batch command complete.
 :      PTI INTERACTIVE POWER SYSTEM SIMULATOR--PSS(R)E     THU, SEP 10 2026  11:22
 SUITE_I_TWODC_VARLIM1_LOSS                                             BUS DATA
 TWODC LOSS MODEL WITH VAR-LIMIT FLAG ENABLED
                                           S H U N T S                                 X--- NORMAL --X  X- EMERGENCY -X
   BUS#-SCT X-- NAME --X BASKV CODE LOADS FIXED SWITCHED  VOLT   ANGLE AREA ZONE OWNER   VMAX    VMIN     VMAX    VMIN
      1     SLACK       230.00   3    0     0      0    1.00000    0.0    1    1    1  1.10000 0.90000  1.10000 0.90000
      2     RECT        230.00   1    0     0      0    0.98842   -1.6    1    1    1  1.10000 0.90000  1.10000 0.90000
      3     INV         230.00   1    0     0      0    0.94752   -2.9    1    1    1  1.10000 0.90000  1.10000 0.90000
      4     LOAD        230.00   1    1     0      0    0.92172   -5.3    1    1    1  1.10000 0.90000  1.10000 0.90000

 Output completed
 Batch command complete.
 :      PTI INTERACTIVE POWER SYSTEM SIMULATOR--PSS(R)E     THU, SEP 10 2026  11:22
 SUITE_I_TWODC_VARLIM1_LOSS                                            SWITCHED
 TWODC LOSS MODEL WITH VAR-LIMIT FLAG ENABLED                         SHUNT DATA
                                   S ADJ                                                                       X-------- REGULATED BUS ---------X X--FACTS/--X
   BUS#-SCT X-- NAME --X BASKV MOD T METH VHI    VLO     SHUNT  X-------X X-------X X-------X X-------X  PCT Q   BUS#-SCT X-- NAME --X BASKV NODE X-VSC NAME-X

                                    * NONE *

 Output completed
 Batch command complete.
 :      PTI INTERACTIVE POWER SYSTEM SIMULATOR--PSS(R)E     THU, SEP 10 2026  11:22
 SUITE_I_TWODC_VARLIM1_LOSS                                           GENERATING
 TWODC LOSS MODEL WITH VAR-LIMIT FLAG ENABLED                         PLANT DATA
                                                                                       X-------- REGULATED BUS ---------X
   BUS#-SCT X-- NAME --X BASKV COD MCNS PGEN   QGEN   QMAX   QMIN VSCHED  VACT.  PCT Q   BUS#-SCT X-- NAME --X BASKV NODE
      1     SLACK       230.00  3   1   81.6   57.5  200.0 -200.0 1.0000 1.0000  100.0      1     SLACK       230.00    0

 Output completed
 Batch command complete.
 :      PTI INTERACTIVE POWER SYSTEM SIMULATOR--PSS(R)E     THU, SEP 10 2026  11:22
 SUITE_I_TWODC_VARLIM1_LOSS                                            GENERATOR
 TWODC LOSS MODEL WITH VAR-LIMIT FLAG ENABLED                          UNIT DATA
   BUS#-SCT X-- NAME --X BASKV CD ID ST  PGEN   QGEN   QMAX   QMIN   PMAX   PMIN  OWN FRACT  OWN FRACT  MBASE  Z S O R C E    X T R A N    GENTAP WMOD  WPF
      1     SLACK       230.00  3 1  1   81.6   57.5  200.0 -200.0  200.0    0.0    1 1.000             100.0 0.0000 1.0000

 Output completed
 Batch command complete.
 :      PTI INTERACTIVE POWER SYSTEM SIMULATOR--PSS(R)E     THU, SEP 10 2026  11:22
 SUITE_I_TWODC_VARLIM1_LOSS                                          BRANCH DATA
 TWODC LOSS MODEL WITH VAR-LIMIT FLAG ENABLED
 X-------- FROM BUS ---------X  X--------- TO BUS ----------X                                Z S
   BUS#-SCT X-- NAME --X BASKV    BUS#-SCT X-- NAME --X BASKV CKT   R (PU)   X (PU)   B (PU) I T  RATE1  RATE2  RATE3 LENGTH OWN1 FRAC1 OWN2 FRAC2 OWN3 FRAC3 OWN4 FRAC4
      1     SLACK       230.00*      2     RECT        230.00  1   0.01000  0.10000  0.00000   1  200.0  200.0  200.0   10.0    1 1.000
      1     SLACK       230.00*      3     INV         230.00  1   0.01000  0.10000  0.00000   1  200.0  200.0  200.0   10.0    1 1.000
      3     INV         230.00*      4     LOAD        230.00  1   0.01000  0.05000  0.00000   1  200.0  200.0  200.0   10.0    1 1.000

 Output completed
 Batch command complete.
 :      PTI INTERACTIVE POWER SYSTEM SIMULATOR--PSS(R)E     THU, SEP 10 2026  11:22
 SUITE_I_TWODC_VARLIM1_LOSS                                          BRANCH DATA
 TWODC LOSS MODEL WITH VAR-LIMIT FLAG ENABLED
 X-------- FROM BUS ---------X  X--------- TO BUS ----------X                                Z S
   BUS#-SCT X-- NAME --X BASKV    BUS#-SCT X-- NAME --X BASKV CKT   R (PU)   X (PU)   B (PU) I T  RATE1  RATE2  RATE3 LENGTH OWN1 FRAC1 OWN2 FRAC2 OWN3 FRAC3 OWN4 FRAC4
      1     SLACK       230.00*      2     RECT        230.00  1   0.01000  0.10000  0.00000   1  200.0  200.0  200.0   10.0    1 1.000
      1     SLACK       230.00*      3     INV         230.00  1   0.01000  0.10000  0.00000   1  200.0  200.0  200.0   10.0    1 1.000
      2     RECT        230.00       1     SLACK       230.00* 1   0.01000  0.10000  0.00000   1  200.0  200.0  200.0   10.0    1 1.000
      3     INV         230.00       1     SLACK       230.00* 1   0.01000  0.10000  0.00000   1  200.0  200.0  200.0   10.0    1 1.000
      3     INV         230.00*      4     LOAD        230.00  1   0.01000  0.05000  0.00000   1  200.0  200.0  200.0   10.0    1 1.000
      4     LOAD        230.00       3     INV         230.00* 1   0.01000  0.05000  0.00000   1  200.0  200.0  200.0   10.0    1 1.000

 Output completed
 Batch command complete.
 :      PTI INTERACTIVE POWER SYSTEM SIMULATOR--PSS(R)E     THU, SEP 10 2026  11:22
 SUITE_I_TWODC_VARLIM1_LOSS                                         TWO-TERMINAL
 TWODC LOSS MODEL WITH VAR-LIMIT FLAG ENABLED                       DC LINE DATA
 X-- NAME --X MDC   RDC    RCOMP   DELTI SETVAL VSCHED DCVMIN VCMODE DCAMPS  VCOMP METER CCC_ITMAX CCC_ACC
 DC TEST       1  10.000  10.000  0.1000   50.0  500.0    0.0  400.0  100.0  291.9  RECT    20    1.00000

      BUS#-SCT X-- NAME --X BASKV  ALF/GAM    MIN     MAX     PAC     QAC     VDC NB  EBASE RC-OHMS XC-OHMS XCCC-OHMS  TR
 R:      2     RECT        230.00   15.38   12.50   17.50    29.2     8.2   291.9  1  230.0  0.000   5.000   0.000  1.00000
 I:      3     INV         230.00   17.00   17.00   17.00   -29.1     9.1   290.9  1  230.0  0.000   5.000   0.000  1.00000

                                    X-------- MEASURING BUS ---------X X----- WINDING 1 SIDE ------X X----- WINDING 2 SIDE ------X
      TAP    TAPMIN  TAPMAX  TAPSTP   BUS#-SCT X-- NAME --X BASKV NODE   BUS#-SCT X-- NAME --X BASKV   BUS#-SCT X-- NAME --X BASKV CKT  RATIO
 R: 1.01250 0.92500 1.25000 0.01250      0                           0
 I: 0.96600 0.96600 1.30500 0.01250      0                           0

 Output completed
 Batch command complete.
 :      PTI INTERACTIVE POWER SYSTEM SIMULATOR--PSS(R)E     THU, SEP 10 2026  11:22
 SUITE_I_TWODC_VARLIM1_LOSS                                            LOAD DATA
 TWODC LOSS MODEL WITH VAR-LIMIT FLAG ENABLED
   BUS#-SCT X-- NAME --X BASKV ID CD ST   PSI     MVA-LOAD      CUR-LOAD      Y - LOAD  AREA ZONE OWNER SCALE INTRPT     DGEN-MVA  DGEN-FLAG
      4     LOAD        230.00 1   1 1  1.000   80.0   30.0    0.0    0.0    0.0    0.0    1    1    1   YES     NO     0.0    0.0     OFF

 Output completed
 Batch command complete.
 :      PTI INTERACTIVE POWER SYSTEM SIMULATOR--PSS(R)E     THU, SEP 10 2026  11:22
 SUITE_I_TWODC_VARLIM1_LOSS                                        FACTS SENDING
 TWODC LOSS MODEL WITH VAR-LIMIT FLAG ENABLED                         END DATA
 X- DEVICE -X X------- SENDING BUS -------X X------ TERMINAL BUS -------X                                         X-------- REGULATED BUS ---------X X- MASTER -X
 X-- NAME --X   BUS#-SCT X-- NAME --X BASKV   BUS#-SCT X-- NAME --X BASKV MODE  V SET SHNTMX  PCT Q  BRDGMX OWNER   BUS#-SCT X-- NAME --X BASKV NODE X-- NAME --X

                                    * NONE *

 Output completed
 Batch command complete.
 :      PTI INTERACTIVE POWER SYSTEM SIMULATOR--PSS(R)E     THU, SEP 10 2026  11:22
 SUITE_I_TWODC_VARLIM1_LOSS                                       FACTS TERMINAL
 TWODC LOSS MODEL WITH VAR-LIMIT FLAG ENABLED                        END DATA
 X- DEVICE -X X------- SENDING BUS -------X X------ TERMINAL BUS -------X
 X-- NAME --X   BUS#-SCT X-- NAME --X BASKV   BUS#-SCT X-- NAME --X BASKV MODE  PDES   QDES  VTMAX  VTMIN  VSMAX ISMAX  LINE X VSREF   SET1     SET2

                                    * NONE *

 Output completed
 Batch command complete.
 :      PTI INTERACTIVE POWER SYSTEM SIMULATOR--PSS(R)E     THU, SEP 10 2026  11:22
 SUITE_I_TWODC_VARLIM1_LOSS                                              FIXED
 TWODC LOSS MODEL WITH VAR-LIMIT FLAG ENABLED                         SHUNT DATA
   BUS#-SCT X-- NAME --X BASKV ID CODE STAT       S H U N T

                                    * NONE *

 Output completed
 Batch command complete.
 :      PTI INTERACTIVE POWER SYSTEM SIMULATOR--PSS(R)E     THU, SEP 10 2026  11:22
 SUITE_I_TWODC_VARLIM1_LOSS                                          AREA TOTALS
 TWODC LOSS MODEL WITH VAR-LIMIT FLAG ENABLED                         IN MW/MVAR
                 FROM ---ASSIGNED TO THE AREA---              TO                               -NET INTERCHANGE-
                GENE- FROM IND   TO IND       TO   TO BUS  GNE BUS  TO LINE     FROM     TO     TO TIE  TO TIES  DESIRED
 X-- AREA --X  RATION GENERATN   MOTORS     LOAD    SHUNT  DEVICES    SHUNT CHARGING   LOSSES    LINES  + LOADS  NET INT

    1            81.6      0.0      0.0     80.0      0.0      0.0      0.0      0.0      1.6      0.0      0.0      0.0
                 57.5      0.0      0.0     30.0     -0.0      0.0     -0.0      0.0     27.6      0.0      0.0

 COLUMN          81.6      0.0      0.0     80.0      0.0      0.0      0.0      0.0      1.6      0.0      0.0      0.0
 TOTALS          57.5      0.0      0.0     30.0      0.0      0.0      0.0      0.0     27.6      0.0      0.0

 Output completed
 Batch command complete.
 :      PTI INTERACTIVE POWER SYSTEM SIMULATOR--PSS(R)E     THU, SEP 10 2026  11:22
 SUITE_I_TWODC_VARLIM1_LOSS                                          ZONE TOTALS
 TWODC LOSS MODEL WITH VAR-LIMIT FLAG ENABLED                         IN MW/MVAR
                 FROM ---ASSIGNED TO THE ZONE---              TO                               -NET INTERCHANGE-
                GENE- FROM IND   TO IND       TO   TO BUS  GNE BUS  TO LINE     FROM     TO     TO TIE  TO TIES
 X-- ZONE --X  RATION GENERATN   MOTORS     LOAD    SHUNT  DEVICES    SHUNT CHARGING   LOSSES    LINES  + LOADS

    1            81.6      0.0      0.0     80.0      0.0      0.0      0.0      0.0      1.6      0.0      0.0
                 57.5      0.0      0.0     30.0     -0.0      0.0     -0.0      0.0     27.6      0.0      0.0

 COLUMN          81.6      0.0      0.0     80.0      0.0      0.0      0.0      0.0      1.6      0.0      0.0
 TOTALS          57.5      0.0      0.0     30.0      0.0      0.0      0.0      0.0     27.6      0.0      0.0

 Output completed
 Batch command complete.
 : 
 Output completed
 Batch command complete.
 : 
 Case saved in file C:\Users\Santiago\Documents\PROYECTO FINAL DE CARRERA - MATPOWER\outputs\reanudacion_20260910\psse_suite\suite_i_twodc_varlim1_loss.sav on THU, SEP 10 2026  11:22
 Batch command complete.
 : 