PSSE CLI power-flow run configuration
====================================
RAW file: C:\Users\Santiago\Documents\PROYECTO FINAL DE CARRERA - MATPOWER\auditoria_psse_matpower\psse_validation_suite\suite_u_ultc_3w_tab.raw
PSSE executable: C:\Program Files (x86)\PTI\PSSE34\PSSBIN\pssecmd34.exe
RAW output version: 34
Solver: FNSL
Solver option array code form: BAT_FNSL 1 1 1 1 0 1 99 0
Solver option array values: 1 1 1 1 0 1 99 0

Explicit solver option parameters:
- Option 1, tap adjustment flag = 1: enable transformer tap stepping adjustment.
- Option 2, area interchange adjustment flag = 1: enable area interchange adjustment using tie-line flows only.
- Option 3, phase shift adjustment flag = 1: enable phase-shifter adjustment.
- Option 4, DC tap adjustment flag = 1: enable DC tap adjustment.
- Option 5, switched shunt adjustment flag = 0: disable switched-shunt adjustment.
- Option 6, flat start flag = 1: flat start.
- Option 7, VAR limit flag = 99: apply generator reactive power limits on iteration 99, or sooner if mismatch gets small.
- Option 8, non-divergent solution flag = 0: disable non-divergent Newton solution.

Additional explicit solver parameters:
- RAW GENERAL, THRSHZ=0.0001: set with BAT_SOLUTION_PARAMETERS_4 REALAR(11).
- RAW NEWTON, ITMXN=40: set with BAT_SOLUTION_PARAMETERS_4 INTGAR(2).
- RAW NEWTON, VCTOLV=0.00001: set with BAT_SOLUTION_PARAMETERS_4 REALAR(18).
- RAW ADJUST, MXTPSS=20: set with BAT_SOLUTION_PARAMETERS_4 INTGAR(4).
- RAW SOLVER line applied to BAT_FNSL option array: SOLVER, FNSL, ACTAPS=1, SWSHNT=0, FLATST=1

Generated PSSE response commands:
  BAT_READ 0 "C:\Users\Santiago\Documents\PROYECTO FINAL DE CARRERA - MATPOWER\auditoria_psse_matpower\psse_validation_suite\suite_u_ultc_3w_tab.raw"
  BAT_SOLUTION_PARAMETERS_4 100 40 20 20 10 1.6 1.6 1 0.0001 1 0.1 1 1E-05 5 0.7 0.0001 0.005 1 0.05 0.99 0.99 0.1 1E-05 100
  BAT_FNSL 1 1 1 1 0 1 99 0
  BAT_LAMP 0 1
  BAT_POUT 0 1
  BAT_LOUT 0 1
  BAT_VCHK 0 1 0.95 1.05
  BAT_RATE_2 0 1 1 1 1 1 100.0
  BAT_REGB 0 1
  BAT_OUTS 0 1
  BAT_SHNT 0 1 1
  BAT_LIST 0 1 1 0
  BAT_LIST 0 1 2 0
  BAT_LIST 0 1 3 0
  BAT_LIST 0 1 4 0
  BAT_LIST 0 1 5 0
  BAT_LIST 0 1 6 0
  BAT_LIST 0 1 7 0
  BAT_LIST 0 1 10 0
  BAT_LIST 0 1 18 0
  BAT_LIST 0 1 20 0
  BAT_LIST 0 1 27 0
  BAT_LIST 0 1 28 0
  BAT_AREA_2 0 1 2
  BAT_ZONE_2 0 1 2
  BAT_WRITERAWVERSION '34' 0 "C:\Users\Santiago\Documents\PROYECTO FINAL DE CARRERA - MATPOWER\outputs\reanudacion_20260910\psse_suite\solved_raw\suite_u_ultc_3w_tab_solved.raw"
  BAT_SAVE "C:\Users\Santiago\Documents\PROYECTO FINAL DE CARRERA - MATPOWER\outputs\reanudacion_20260910\psse_suite\suite_u_ultc_3w_tab.sav"
  STOP

PSSE console output
===================


 PSS(R)E Version 34
 Copyright (c) 1976-2026
 Siemens Industry, Inc.,
 Power Technologies International                            (PTI)
 This program is a confidential  unpublished  work  created  and  first
 licensed in 1976.  It is a trade secret which is the property of  PTI.
 All use,  disclosure,  and/or reproduction not specifically authorized
 by  PTI  is prohibited.   This  program is protected  under  copyright
 laws  of  non-U.S.  countries  and  by  application  of  international
 treaties.  All  Rights  Reserved  Under  The  Copyright  Laws.


           SIEMENS POWER TECHNOLOGIES INTERNATIONAL

      50000 BUS POWER SYSTEM SIMULATOR--PSS(R)E-34.9.3

             INITIATED ON THU, SEP 10 2026  11:26

 ACTIVITY? 
 Reading IC, SBASE, REV, XFRRAT, NXFRAT, BASFRQ...

 Reading two line case heading...

 Reading system-wide data...

 Reading bus data...

 Reading load data...

 Reading fixed bus shunt data...

 Reading generator data...

 Messages for machine "1" at bus 1 [SOURCE      230.00]:   (002226)
 Error: Invalid ZSORCE reactance: .00000; set to 1.00000   (002230)

 Reading non-transformer branch data...

 Reading system switching device data...

 Reading transformer data...

 Reading area interchange data...

 Reading two-terminal dc line data...

 Reading VSC dc line data...

 Reading transformer impedance correction data...

 Reading multi-terminal dc line data...

 Reading multi-section line data...

 Reading zone name data...

 Reading inter-area transfer data...

 Reading owner name data...

 Reading FACTS device data...

 Reading switched shunt data...

 Reading GNE device data...

 Reading induction machine data...

 Reading substation data...
 Batch command complete.
 : 
 No power flow solution parameters changed
 Batch command complete.
 : 
 Ordering network...
 Diagonals = 3   Off-diagonals = 2   Maximum size = 4

  ITER       DELTAP      BUS         DELTAQ      BUS        DELTA/V/      BUS       DELTAANG      BUS
   0         1.0000(      2     )    0.5000(      2     )
                                                             0.13900(      2     )   0.21720(      2     )
   1         0.1967(      2     )    0.1090(3W ULTC TAB )
                                                             0.07418(      2     )   0.05241(      2     )
   2         0.0297(      2     )    0.0123(      2     )
                                                             0.01243(      2     )   0.00888(      2     )
   3         0.0008(      2     )    0.0003(      2     )

 TAP RATIOS ADJUSTED:
 X------ ADJUSTABLE SIDE ------X  X------------ TO -------------X CKT   OLD       NEW       CHANGE
      1     [SOURCE      230.00]  3WNDTR [3W ULTC TAB     ] WND 1  1  1.00000   0.95000   -0.05000
     Impedance changed from (0.01,0.1) to (0.0095,0.095)

 1 tap ratios adjusted

   3         0.1667(3W ULTC TAB )    0.5216(3W ULTC TAB )
                                                             0.12056(      2     )   0.05608(      2     )
   4         0.0344(      2     )    0.0566(3W ULTC TAB )
                                                             0.01391(      2     )   0.01043(      2     )
   5         0.0012(      2     )    0.0008(3W ULTC TAB )
                                                             0.00033(      2     )   0.00028(      2     )

 TAP RATIOS ADJUSTED:
 X------ ADJUSTABLE SIDE ------X  X------------ TO -------------X CKT   OLD       NEW       CHANGE
      1     [SOURCE      230.00]  3WNDTR [3W ULTC TAB     ] WND 1  1  0.95000   0.90000LO -0.05000
     Impedance changed from (0.0095,0.095) to (0.009,0.09)

 1 tap ratios adjusted

   6         0.1853(3W ULTC TAB )    0.6520(3W ULTC TAB )
                                                             0.10586(      2     )   0.04407(      2     )
   7         0.0277(      2     )    0.0637(3W ULTC TAB )
                                                             0.01030(      2     )   0.00723(      2     )
   8         0.0007(      2     )    0.0006(3W ULTC TAB )


 Reached tolerance in 8 iterations

 Largest mismatch:     -0.05 MW      0.06 Mvar      0.08 MVA at bus 3WNDTR [3W ULTC TAB] * BUS
 System total absolute mismatch:                    0.16 MVA

 SWING BUS SUMMARY:
   BUS#-SCT X-- NAME --X BASKV      PGEN     PMAX    PMIN      QGEN     QMAX    QMIN
      1     SOURCE      230.00     113.5    200.0     0.0      84.2    300.0  -300.0
 Batch command complete.
 :                                         PTI INTERACTIVE POWER SYSTEM SIMULATOR--PSS(R)E     THU, SEP 10 2026  11:26
                         SUITE_U_ULTC_3W_TAB                                              %MVA FOR TRANSFORMERS
                         THREE-WINDING TAP WITH IMPEDANCE-CORRECTION TABLE METADATA       % I  FOR NON-TRANSFORMER BRANCHES

 X--------- FROM BUS --------X AREA  VOLT            GEN    LOAD    SHUNT  X------------ TO BUS ------------X                     TRANSFORMER            RATING
   BUS#-SCT X-- NAME --X BASKV ZONE  PU/KV  ANGLE  MW/MVAR MW/MVAR MW/MVAR   BUS#-SCT X-- NAME --X BASKV AREA CKT   MW    MVAR   RATIO   ANGLE   AMPS   %  SET 1

      1     SOURCE      230.00    1 1.0000    0.0   113.5      0.0     0.0 -------------------------------------------------------------------------------------
                                  1 230.00           84.2R     0.0    -0.0 3WNDTR 3W ULTC TAB      WND 1       1   113.5   84.2 0.900LO           355  57   250M

      2     LOAD        115.00    1 0.9517  -11.2     0.0    100.0     0.0 -------------------------------------------------------------------------------------
                                  1 109.45            0.0     50.0    -0.0 3WNDTR 3W ULTC TAB      WND 2       1   -99.9  -50.0 1.000LK           589  45   250M

      3     TERTIARY    13.800    1 1.0311   -5.4     0.0     10.0     0.0 -------------------------------------------------------------------------------------
                                  1 14.230            0.0      3.0    -0.0 3WNDTR 3W ULTC TAB      WND 3       1   -10.0   -3.0 1.000LK           423  10   100M

 Output completed
 Batch command complete.
 :      PTI INTERACTIVE POWER SYSTEM SIMULATOR--PSS(R)E     THU, SEP 10 2026  11:26
 SUITE_U_ULTC_3W_TAB                                                      RATING   %MVA FOR TRANSFORMERS
 THREE-WINDING TAP WITH IMPEDANCE-CORRECTION TABLE METADATA               SET  1   % I  FOR NON-TRANSFORMER BRANCHES

 BUS      1     SOURCE      230.00 CKT     MW     MVAR     MVA   % 1.0000PU    0.00  X--- LOSSES ---X X---- AREA -----X X---- ZONE -----X      1
  FROM GENERATION                        113.5    84.2R  141.3 141 230.00KV               MW     MVAR    1                 1
  TO 3WNDTR 3W ULTC TAB      WND 1  1    113.5    84.2   141.3  57 0.9000LO              3.54   31.24

 BUS      2     LOAD        115.00 CKT     MW     MVAR     MVA   % 0.9517PU  -11.25  X--- LOSSES ---X X---- AREA -----X X---- ZONE -----X      2
                                                                   109.45KV               MW     MVAR    1                 1
  TO LOAD-PQ                             100.0    50.0   111.8
  TO 3WNDTR 3W ULTC TAB      WND 2  1    -99.9   -50.0   111.7  45 1.0000LK              3.54   31.24

 BUS      3     TERTIARY    13.800 CKT     MW     MVAR     MVA   % 1.0311PU   -5.43  X--- LOSSES ---X X---- AREA -----X X---- ZONE -----X      3
                                                                   14.230KV               MW     MVAR    1                 1
  TO LOAD-PQ                              10.0     3.0    10.4
  TO 3WNDTR 3W ULTC TAB      WND 3  1    -10.0    -3.0    10.4  10 1.0000LK              3.54   31.24

 Output completed
 Batch command complete.
 :                                         PTI INTERACTIVE POWER SYSTEM SIMULATOR--PSS(R)E     THU, SEP 10 2026  11:26
                         SUITE_U_ULTC_3W_TAB                                              %MVA FOR TRANSFORMERS
                         THREE-WINDING TAP WITH IMPEDANCE-CORRECTION TABLE METADATA       % I  FOR NON-TRANSFORMER BRANCHES

 X--------- FROM BUS --------X AREA  VOLT            GEN    LOAD    SHUNT  X------------ TO BUS ------------X                        TRANSFORMER     RATING
   BUS#-SCT X-- NAME --X BASKV ZONE  PU/KV  ANGLE  MW/MVAR MW/MVAR MW/MVAR   BUS#-SCT X-- NAME --X BASKV AREA CKT    MW     MVAR    RATIO   ANGLE   %  SET 1

      1     SOURCE      230.00    1 1.0000    0.0   113.5      0.0     0.0 ---------------------------------------------------------------------------------
                                  1 230.00           84.2R     0.0    -0.0 3WNDTR 3W ULTC TAB      WND 1       1    113.5    84.2  0.900LO          57   250

      2     LOAD        115.00    1 0.9517  -11.2     0.0    100.0     0.0 ---------------------------------------------------------------------------------
                                  1 109.45            0.0     50.0    -0.0 3WNDTR 3W ULTC TAB      WND 2       1    -99.9   -50.0  1.000LK          45   250

      3     TERTIARY    13.800    1 1.0311   -5.4     0.0     10.0     0.0 ---------------------------------------------------------------------------------
                                  1 14.230            0.0      3.0    -0.0 3WNDTR 3W ULTC TAB      WND 3       1    -10.0    -3.0  1.000LK          10   100

 Output completed
 Batch command complete.
 :      PTI INTERACTIVE POWER SYSTEM SIMULATOR--PSS(R)E     THU, SEP 10 2026  11:26
 SUITE_U_ULTC_3W_TAB
 THREE-WINDING TAP WITH IMPEDANCE-CORRECTION TABLE METADATA

 BUSES WITH VOLTAGE GREATER THAN 1.0500:

   BUS#-SCT X-- NAME --X BASKV AREA  V(PU)  V(KV)      BUS#-SCT X-- NAME --X BASKV AREA  V(PU)  V(KV)

                                            * NONE *


 BUSES WITH VOLTAGE LESS THAN 0.9500:

   BUS#-SCT X-- NAME --X BASKV AREA  V(PU)  V(KV)      BUS#-SCT X-- NAME --X BASKV AREA  V(PU)  V(KV)

                                            * NONE *

 Output completed
 Batch command complete.
 :      PTI INTERACTIVE POWER SYSTEM SIMULATOR--PSS(R)E     THU, SEP 10 2026  11:26
 SUITE_U_ULTC_3W_TAB
 THREE-WINDING TAP WITH IMPEDANCE-CORRECTION TABLE METADATA

 SUBSYSTEM LOADING CHECK (INCLUDED: LINES; BREAKERS AND SWITCHES; TRANSFORMERS) (EXCLUDED: NONE)
 LOADINGS ABOVE 100.0 % OF RATING SET 1 (MVA FOR TRANSFORMERS, CURRENT FOR NON-TRANSFORMER BRANCHES):

 X----------- FROM BUS ------------X X------------ TO BUS -------------X
   BUS#-SCT X-- NAME --X BASKV  AREA   BUS#-SCT X-- NAME --X BASKV  AREA CKT LOADING   RATE1 PERCENT

                                   * NONE *

 Output completed
 Batch command complete.
 :      PTI INTERACTIVE POWER SYSTEM SIMULATOR--PSS(R)E     THU, SEP 10 2026  11:26
 SUITE_U_ULTC_3W_TAB
 THREE-WINDING TAP WITH IMPEDANCE-CORRECTION TABLE METADATA

                                 X--VOLTAGE--X     X--SCHEDULED--X  X--VIOLATION--X
 X------ REGULATED  BUS -------X   P.U.    KV          VOLTAGE        P.U.     KV   X----------------------------- CONTROLLING  EQUIPMENT -----------------------------X
      1     [SOURCE      230.00] 1.00000 230.0         1.00000                      LOCAL  GENERATION      1     [SOURCE      230.00]

      2     [LOAD        115.00] 0.95171 109.4     0.95000 1.03000                  XFRMER CKT 1  BUS      1     [SOURCE      230.00] TO 3WNDTR [3W ULTC TAB     ] WND 1

 Output completed
 Batch command complete.
 :      PTI INTERACTIVE POWER SYSTEM SIMULATOR--PSS(R)E     THU, SEP 10 2026  11:26
 SUITE_U_ULTC_3W_TAB
 THREE-WINDING TAP WITH IMPEDANCE-CORRECTION TABLE METADATA

 OUT-OF-SERVICE BRANCHES:

 X----------- FROM BUS -----------X  X------------ TO BUS ------------X
   BUS#-SCT X-- NAME --X BASKV AREA    BUS#-SCT X-- NAME --X BASKV AREA  CKT

                                  ** NONE **


 OUT-OF-SERVICE THREE-WINDING TRANSFORMERS:

                                          X-------- WINDING 1 BUS ---------X X-------- WINDING 2 BUS ---------X X-------- WINDING 3 BUS ---------X
 X---------- TRANSFORMER NAME ----------X   BUS#-SCT X-- NAME --X BASKV AREA   BUS#-SCT X-- NAME --X BASKV AREA   BUS#-SCT X-- NAME --X BASKV AREA CKT

                                  ** NONE **


 ISOLATED BUSES:

 X-------------- BUS --------------X  X-------------- BUS --------------X  X-------------- BUS --------------X
   BUS#-SCT X-- NAME --X BASKV  AREA    BUS#-SCT X-- NAME --X BASKV  AREA    BUS#-SCT X-- NAME --X BASKV  AREA

                                  ** NONE **


 OUT-OF-SERVICE PLANTS:

 X-------------- BUS --------------X  X-------------- BUS --------------X  X-------------- BUS --------------X
   BUS#-SCT X-- NAME --X BASKV  AREA    BUS#-SCT X-- NAME --X BASKV  AREA    BUS#-SCT X-- NAME --X BASKV  AREA

                                  ** NONE **


 OUT-OF-SERVICE MACHINES AT IN-SERVICE PLANTS:

 X--------------- BUS ---------------X  X--------------- BUS ---------------X  X--------------- BUS ---------------X
   BUS#-SCT X-- NAME --X BASKV ID AREA    BUS#-SCT X-- NAME --X BASKV ID AREA    BUS#-SCT X-- NAME --X BASKV ID AREA

                                  ** NONE **


 OUT-OF-SERVICE INDUCTION MACHINES AT IN-SERVICE BUSES:

 X--------------- BUS ---------------X  X--------------- BUS ---------------X  X--------------- BUS ---------------X
   BUS#-SCT X-- NAME --X BASKV ID AREA    BUS#-SCT X-- NAME --X BASKV ID AREA    BUS#-SCT X-- NAME --X BASKV ID AREA

                                  ** NONE **


 OUT-OF-SERVICE LOADS AT IN-SERVICE BUSES:

 X--------------- BUS ---------------X  X--------------- BUS ---------------X  X--------------- BUS ---------------X
   BUS#-SCT X-- NAME --X BASKV ID AREA    BUS#-SCT X-- NAME --X BASKV ID AREA    BUS#-SCT X-- NAME --X BASKV ID AREA

                                  ** NONE **


 OUT-OF-SERVICE FIXED SHUNTS AT IN-SERVICE BUSES:

 X--------------- BUS ---------------X  X--------------- BUS ---------------X  X--------------- BUS ---------------X
   BUS#-SCT X-- NAME --X BASKV ID AREA    BUS#-SCT X-- NAME --X BASKV ID AREA    BUS#-SCT X-- NAME --X BASKV ID AREA

                                  ** NONE **


 BLOCKED TWO-TERMINAL DC LINES:

 X-2TERM DC-X  X-------- RECTIFIER --------X  X-------- INVERTER ---------X
 X-- NAME --X    BUS#-SCT X-- NAME --X BASKV    BUS#-SCT X-- NAME --X BASKV

                                  ** NONE **


 BLOCKED MULTI-TERMINAL DC LINES:

 X-MTERM DC-X  X-------- CONVERTER --------X  X-------- CONVERTER --------X  X-------- CONVERTER --------X
 X-- NAME --X    BUS#-SCT X-- NAME --X BASKV    BUS#-SCT X-- NAME --X BASKV    BUS#-SCT X-- NAME --X BASKV

                                  ** NONE **


 BLOCKED VSC DC LINES:

 X--VSC DC--X  X------ CONVERTER BUS ------X  X------ CONVERTER BUS ------X
 X-- NAME --X    BUS#-SCT X-- NAME --X BASKV    BUS#-SCT X-- NAME --X BASKV

                                  ** NONE **


 OUT-OF-SERVICE CONVERTERS AT IN-SERVICE VSC DC LINES:

 X--VSC DC--X  X------ CONVERTER BUS ------X  X------ CONVERTER BUS ------X
 X-- NAME --X    BUS#-SCT X-- NAME --X BASKV    BUS#-SCT X-- NAME --X BASKV

                                  ** NONE **


 BLOCKED FACTS CONTROL DEVICES:

 X--DEVICE--X  X------- SENDING BUS -------X  X------ TERMINAL BUS -------X
 X-- NAME --X    BUS#-SCT X-- NAME --X BASKV    BUS#-SCT X-- NAME --X BASKV

                                  ** NONE **


 OUT-OF-SERVICE GNE DEVICES:

 X--DEVICE--X  X-------- FROM BUS ---------X  X--------- TO BUS ----------X
 X-- NAME --X    BUS#-SCT X-- NAME --X BASKV    BUS#-SCT X-- NAME --X BASKV

                                  ** NONE **

 Output completed
 Batch command complete.
 :      PTI INTERACTIVE POWER SYSTEM SIMULATOR--PSS(R)E     THU, SEP 10 2026  11:26
 SUITE_U_ULTC_3W_TAB                                                       SHUNT
 THREE-WINDING TAP WITH IMPEDANCE-CORRECTION TABLE METADATA              SUMMARY

                                                 N O M I N A L
   BUS#-SCT X-- NAME --X BASKV CODE ID STAT       MW      MVAR  VOLTAGE  TYPE    MODE ADJM     BMIN      BMAX

                                    * NONE *

 Output completed
 Batch command complete.
 :      PTI INTERACTIVE POWER SYSTEM SIMULATOR--PSS(R)E     THU, SEP 10 2026  11:26
 SUITE_U_ULTC_3W_TAB                                              SYSTEM SUMMARY
 THREE-WINDING TAP WITH IMPEDANCE-CORRECTION TABLE METADATA

 ---------------------BUSES----------------------        -----GENERATION----- ----SHUNTS----- -IND MACHS- FACTS   GNE
  TOTAL  PQ<>0.  PQ=0.  PE/E   PE/Q  SWING  OTHER  LOADS PLANTS MACHNS   WIND  FIXED SWITCHED GENS MOTORS  DEVS  DEVS
      4      2      1      0      0      1      0      2      1      1      0      0      0      0      0     0     0
 ------------------AC BRANCHES------------------- 3WIND MULTI-SECTION ---DC LINES--                    AREA X------- SWING BUSES -------X
  TOTAL    RXB     RX    RXT   RX=0.    IN    OUT XFORM  LINES SECTNS 2TRM MTRM VSC AREAS ZONES OWNRS TRANS      1     SOURCE      230.00
      3      0      0      3      0      3      0     1      0      0    0    0   0     1     1     1     0
      ----GENERATION---- INDUCTION                                       GNE
 TOTAL   SYNCHR  INDUCTN   MOTORS   PQLOAD   I LOAD   Y LOAD   SHUNTS  DEVICES CHARGING   LOSSES    SWING
 MW       113.5      0.0      0.0    110.0      0.0      0.0      0.0      0.0      0.0      3.5    113.5
 MVAR      84.2      0.0      0.0     53.0      0.0      0.0     -0.0      0.0      0.0     31.2     84.2

 TOTAL MISMATCH =    0.16 MVA X--------- AT BUS ----------X   THRSHZ  PQBRAK BLOWUP  SBASE MXTPSS
  MAX. MISMATCH =    0.08 MVA 3WNDTR 3W ULTC TAB      * BUS  0.000100  0.700   5.00 100.00   20
   HIGH VOLTAGE = 1.03724 PU  3WNDTR 3W ULTC TAB      * BUS   ADJTHR  ACCTAP TAPLIM SWVBND MXSWIM
   LOW  VOLTAGE = 0.95171 PU       2     LOAD        115.00   0.0050  1.0000 0.0500  100.0   10

 X------ SOLV AND MSLV ------X  X----------------- NEWTON ------------------X  X----- TYSL -----X
  ACCP  ACCQ  ACCM   TOL  ITER  ACCN  TOLN  VCTOLQ  VCTOLV ITER  DVLIM NDVFCT  ACCTY    TOL  ITER
 1.600 1.600 1.000 0.00010 100  1.00 0.1000 0.1000 0.000010  40 0.9900 0.9900  1.000 0.000010  20
     PTI INTERACTIVE POWER SYSTEM SIMULATOR--PSS(R)E     THU, SEP 10 2026  11:26
 SUITE_U_ULTC_3W_TAB                                                     WORST
 THREE-WINDING TAP WITH IMPEDANCE-CORRECTION TABLE METADATA           MISMATCHES
   BUS#-SCT X-- NAME --X BASKV       MW       MVAR       MVA
 3WNDTR 3W ULTC TAB      * BUS      0.05     -0.06      0.08
      2     LOAD        115.00     -0.07     -0.01      0.07
     PTI INTERACTIVE POWER SYSTEM SIMULATOR--PSS(R)E     THU, SEP 10 2026  11:26
 SUITE_U_ULTC_3W_TAB                                                  RATING SET
 THREE-WINDING TAP WITH IMPEDANCE-CORRECTION TABLE METADATA          UTILIZATION
 RATING SET  -NAME-  X---------DESCRIPTION----------X  # NON-ZERO RATINGS
      1      RATE1   RATING SET 1                                 3
      2      RATE2   RATING SET 2                                 3
      3      RATE3   RATING SET 3                                 3
      4      RATE4   RATING SET 4                                 0
      5      RATE5   RATING SET 5                                 0
      6      RATE6   RATING SET 6                                 0
      7      RATE7   RATING SET 7                                 0
      8      RATE8   RATING SET 8                                 0
      9      RATE9   RATING SET 9                                 0
     10      RATE10  RATING SET 10                                0
     11      RATE11  RATING SET 11                                0
     12      RATE12  RATING SET 12                                0

 Output completed
 Batch command complete.
 :      PTI INTERACTIVE POWER SYSTEM SIMULATOR--PSS(R)E     THU, SEP 10 2026  11:26
 SUITE_U_ULTC_3W_TAB                                                    BUS DATA
 THREE-WINDING TAP WITH IMPEDANCE-CORRECTION TABLE METADATA
                                           S H U N T S                                 X--- NORMAL --X  X- EMERGENCY -X
   BUS#-SCT X-- NAME --X BASKV CODE LOADS FIXED SWITCHED  VOLT   ANGLE AREA ZONE OWNER   VMAX    VMIN     VMAX    VMIN
      1     SOURCE      230.00   3    0     0      0    1.00000    0.0    1    1    1  1.10000 0.90000  1.10000 0.90000
      2     LOAD        115.00   1    1     0      0    0.95171  -11.2    1    1    1  1.10000 0.90000  1.10000 0.90000
      3     TERTIARY    13.800   1    1     0      0    1.03115   -5.4    1    1    1  1.10000 0.90000  1.10000 0.90000

 Output completed
 Batch command complete.
 :      PTI INTERACTIVE POWER SYSTEM SIMULATOR--PSS(R)E     THU, SEP 10 2026  11:26
 SUITE_U_ULTC_3W_TAB                                                   SWITCHED
 THREE-WINDING TAP WITH IMPEDANCE-CORRECTION TABLE METADATA           SHUNT DATA
                                   S ADJ                                                                       X-------- REGULATED BUS ---------X X--FACTS/--X
   BUS#-SCT X-- NAME --X BASKV MOD T METH VHI    VLO     SHUNT  X-------X X-------X X-------X X-------X  PCT Q   BUS#-SCT X-- NAME --X BASKV NODE X-VSC NAME-X

                                    * NONE *

 Output completed
 Batch command complete.
 :      PTI INTERACTIVE POWER SYSTEM SIMULATOR--PSS(R)E     THU, SEP 10 2026  11:26
 SUITE_U_ULTC_3W_TAB                                                  GENERATING
 THREE-WINDING TAP WITH IMPEDANCE-CORRECTION TABLE METADATA           PLANT DATA
                                                                                       X-------- REGULATED BUS ---------X
   BUS#-SCT X-- NAME --X BASKV COD MCNS PGEN   QGEN   QMAX   QMIN VSCHED  VACT.  PCT Q   BUS#-SCT X-- NAME --X BASKV NODE
      1     SOURCE      230.00  3   1  113.5   84.2  300.0 -300.0 1.0000 1.0000  100.0      1     SOURCE      230.00    0

 Output completed
 Batch command complete.
 :      PTI INTERACTIVE POWER SYSTEM SIMULATOR--PSS(R)E     THU, SEP 10 2026  11:26
 SUITE_U_ULTC_3W_TAB                                                   GENERATOR
 THREE-WINDING TAP WITH IMPEDANCE-CORRECTION TABLE METADATA            UNIT DATA
   BUS#-SCT X-- NAME --X BASKV CD ID ST  PGEN   QGEN   QMAX   QMIN   PMAX   PMIN  OWN FRACT  OWN FRACT  MBASE  Z S O R C E    X T R A N    GENTAP WMOD  WPF
      1     SOURCE      230.00  3 1  1  113.5   84.2  300.0 -300.0  200.0    0.0    1 1.000             100.0 0.0000 1.0000

 Output completed
 Batch command complete.
 :      PTI INTERACTIVE POWER SYSTEM SIMULATOR--PSS(R)E     THU, SEP 10 2026  11:26
 SUITE_U_ULTC_3W_TAB                                                 BRANCH DATA
 THREE-WINDING TAP WITH IMPEDANCE-CORRECTION TABLE METADATA
 X-------- FROM BUS ---------X  X--------- TO BUS ----------X                                Z S
   BUS#-SCT X-- NAME --X BASKV    BUS#-SCT X-- NAME --X BASKV CKT   R (PU)   X (PU)   B (PU) I T  RATE1  RATE2  RATE3 LENGTH OWN1 FRAC1 OWN2 FRAC2 OWN3 FRAC3 OWN4 FRAC4

                                    * NONE *

 Output completed
 Batch command complete.
 :      PTI INTERACTIVE POWER SYSTEM SIMULATOR--PSS(R)E     THU, SEP 10 2026  11:26
 SUITE_U_ULTC_3W_TAB                                                 BRANCH DATA
 THREE-WINDING TAP WITH IMPEDANCE-CORRECTION TABLE METADATA
 X-------- FROM BUS ---------X  X--------- TO BUS ----------X                                Z S
   BUS#-SCT X-- NAME --X BASKV    BUS#-SCT X-- NAME --X BASKV CKT   R (PU)   X (PU)   B (PU) I T  RATE1  RATE2  RATE3 LENGTH OWN1 FRAC1 OWN2 FRAC2 OWN3 FRAC3 OWN4 FRAC4

                                    * NONE *

 Output completed
 Batch command complete.
 :      PTI INTERACTIVE POWER SYSTEM SIMULATOR--PSS(R)E     THU, SEP 10 2026  11:26
 SUITE_U_ULTC_3W_TAB
 THREE-WINDING TAP WITH IMPEDANCE-CORRECTION TABLE METADATA         DC LINE DATA

                                    * NONE *

 Output completed
 Batch command complete.
 :      PTI INTERACTIVE POWER SYSTEM SIMULATOR--PSS(R)E     THU, SEP 10 2026  11:26
 SUITE_U_ULTC_3W_TAB                                                   LOAD DATA
 THREE-WINDING TAP WITH IMPEDANCE-CORRECTION TABLE METADATA
   BUS#-SCT X-- NAME --X BASKV ID CD ST   PSI     MVA-LOAD      CUR-LOAD      Y - LOAD  AREA ZONE OWNER SCALE INTRPT     DGEN-MVA  DGEN-FLAG
      2     LOAD        115.00 1   1 1  1.000  100.0   50.0    0.0    0.0    0.0    0.0    1    1    1   YES     NO     0.0    0.0     OFF
      3     TERTIARY    13.800 1   1 1  1.000   10.0    3.0    0.0    0.0    0.0    0.0    1    1    1   YES     NO     0.0    0.0     OFF

 Output completed
 Batch command complete.
 :      PTI INTERACTIVE POWER SYSTEM SIMULATOR--PSS(R)E     THU, SEP 10 2026  11:26
 SUITE_U_ULTC_3W_TAB                                               FACTS SENDING
 THREE-WINDING TAP WITH IMPEDANCE-CORRECTION TABLE METADATA           END DATA
 X- DEVICE -X X------- SENDING BUS -------X X------ TERMINAL BUS -------X                                         X-------- REGULATED BUS ---------X X- MASTER -X
 X-- NAME --X   BUS#-SCT X-- NAME --X BASKV   BUS#-SCT X-- NAME --X BASKV MODE  V SET SHNTMX  PCT Q  BRDGMX OWNER   BUS#-SCT X-- NAME --X BASKV NODE X-- NAME --X

                                    * NONE *

 Output completed
 Batch command complete.
 :      PTI INTERACTIVE POWER SYSTEM SIMULATOR--PSS(R)E     THU, SEP 10 2026  11:26
 SUITE_U_ULTC_3W_TAB                                              FACTS TERMINAL
 THREE-WINDING TAP WITH IMPEDANCE-CORRECTION TABLE METADATA          END DATA
 X- DEVICE -X X------- SENDING BUS -------X X------ TERMINAL BUS -------X
 X-- NAME --X   BUS#-SCT X-- NAME --X BASKV   BUS#-SCT X-- NAME --X BASKV MODE  PDES   QDES  VTMAX  VTMIN  VSMAX ISMAX  LINE X VSREF   SET1     SET2

                                    * NONE *

 Output completed
 Batch command complete.
 :      PTI INTERACTIVE POWER SYSTEM SIMULATOR--PSS(R)E     THU, SEP 10 2026  11:26
 SUITE_U_ULTC_3W_TAB                                                     FIXED
 THREE-WINDING TAP WITH IMPEDANCE-CORRECTION TABLE METADATA           SHUNT DATA
   BUS#-SCT X-- NAME --X BASKV ID CODE STAT       S H U N T

                                    * NONE *

 Output completed
 Batch command complete.
 :      PTI INTERACTIVE POWER SYSTEM SIMULATOR--PSS(R)E     THU, SEP 10 2026  11:26
 SUITE_U_ULTC_3W_TAB                                                 AREA TOTALS
 THREE-WINDING TAP WITH IMPEDANCE-CORRECTION TABLE METADATA           IN MW/MVAR
                 FROM ---ASSIGNED TO THE AREA---              TO                               -NET INTERCHANGE-
                GENE- FROM IND   TO IND       TO   TO BUS  GNE BUS  TO LINE     FROM     TO     TO TIE  TO TIES  DESIRED
 X-- AREA --X  RATION GENERATN   MOTORS     LOAD    SHUNT  DEVICES    SHUNT CHARGING   LOSSES    LINES  + LOADS  NET INT

    1           113.5      0.0      0.0    110.0      0.0      0.0      0.0      0.0      3.5      0.0      0.0      0.0
                 84.2      0.0      0.0     53.0     -0.0      0.0     -0.0      0.0     31.2      0.0      0.0

 COLUMN         113.5      0.0      0.0    110.0      0.0      0.0      0.0      0.0      3.5      0.0      0.0      0.0
 TOTALS          84.2      0.0      0.0     53.0      0.0      0.0      0.0      0.0     31.2      0.0      0.0

 Output completed
 Batch command complete.
 :      PTI INTERACTIVE POWER SYSTEM SIMULATOR--PSS(R)E     THU, SEP 10 2026  11:26
 SUITE_U_ULTC_3W_TAB                                                 ZONE TOTALS
 THREE-WINDING TAP WITH IMPEDANCE-CORRECTION TABLE METADATA           IN MW/MVAR
                 FROM ---ASSIGNED TO THE ZONE---              TO                               -NET INTERCHANGE-
                GENE- FROM IND   TO IND       TO   TO BUS  GNE BUS  TO LINE     FROM     TO     TO TIE  TO TIES
 X-- ZONE --X  RATION GENERATN   MOTORS     LOAD    SHUNT  DEVICES    SHUNT CHARGING   LOSSES    LINES  + LOADS

    1           113.5      0.0      0.0    110.0      0.0      0.0      0.0      0.0      3.5      0.0      0.0
                 84.2      0.0      0.0     53.0     -0.0      0.0     -0.0      0.0     31.2      0.0      0.0

 COLUMN         113.5      0.0      0.0    110.0      0.0      0.0      0.0      0.0      3.5      0.0      0.0
 TOTALS          84.2      0.0      0.0     53.0      0.0      0.0      0.0      0.0     31.2      0.0      0.0

 Output completed
 Batch command complete.
 : 
 Output completed
 Batch command complete.
 : 
 Case saved in file C:\Users\Santiago\Documents\PROYECTO FINAL DE CARRERA - MATPOWER\outputs\reanudacion_20260910\psse_suite\suite_u_ultc_3w_tab.sav on THU, SEP 10 2026  11:26
 Batch command complete.
 : 