PSSE CLI power-flow run configuration
====================================
RAW file: C:\Users\Santiago\Documents\PROYECTO FINAL DE CARRERA - MATPOWER\auditoria_psse_matpower\psse_validation_suite\suite_i_swdev_open_parallel_pqbrak.raw
PSSE executable: C:\Program Files (x86)\PTI\PSSE34\PSSBIN\pssecmd34.exe
RAW output version: 34
Solver: FNSL
Solver option array code form: BAT_FNSL 1 1 1 1 2 0 99 0
Solver option array values: 1 1 1 1 2 0 99 0

Explicit solver option parameters:
- Option 1, tap adjustment flag = 1: enable transformer tap stepping adjustment.
- Option 2, area interchange adjustment flag = 1: enable area interchange adjustment using tie-line flows only.
- Option 3, phase shift adjustment flag = 1: enable phase-shifter adjustment.
- Option 4, DC tap adjustment flag = 1: enable DC tap adjustment.
- Option 5, switched shunt adjustment flag = 2: enable switched-shunt continuous mode and disable discrete mode.
- Option 6, flat start flag = 0: do not flat start; use voltages already present in the RAW/case.
- Option 7, VAR limit flag = 99: apply generator reactive power limits on iteration 99, or sooner if mismatch gets small.
- Option 8, non-divergent solution flag = 0: disable non-divergent Newton solution.

Additional explicit solver parameters:
- RAW GENERAL, THRSHZ=0.0001: set with BAT_SOLUTION_PARAMETERS_4 REALAR(11).
- RAW GENERAL, PQBRAK=0.9700: set with BAT_SOLUTION_PARAMETERS_4 REALAR(10).
- RAW SOLVER line applied to BAT_FNSL option array: SOLVER, FNSL, SWSHNT=2, FLATST=0
- RAW NEWTON, VCTOLV=0.00001: set with BAT_SOLUTION_PARAMETERS_4 REALAR(18).
- RAW ADJUST, MXTPSS=20: set with BAT_SOLUTION_PARAMETERS_4 INTGAR(4).

Generated PSSE response commands:
  BAT_READ 0 "C:\Users\Santiago\Documents\PROYECTO FINAL DE CARRERA - MATPOWER\auditoria_psse_matpower\psse_validation_suite\suite_i_swdev_open_parallel_pqbrak.raw"
  BAT_SOLUTION_PARAMETERS_4 100 20 20 20 10 1.6 1.6 1 0.0001 1 0.1 1 1E-05 5 0.97 0.0001 0.005 1 0.05 0.99 0.99 0.1 1E-05 100
  BAT_FNSL 1 1 1 1 2 0 99 0
  BAT_LAMP 0 1
  BAT_POUT 0 1
  BAT_LOUT 0 1
  BAT_VCHK 0 1 0.95 1.05
  BAT_RATE_2 0 1 1 1 1 1 100.0
  BAT_REGB 0 1
  BAT_OUTS 0 1
  BAT_SHNT 0 1 1
  BAT_LIST 0 1 1 0
  BAT_LIST 0 1 2 0
  BAT_LIST 0 1 3 0
  BAT_LIST 0 1 4 0
  BAT_LIST 0 1 5 0
  BAT_LIST 0 1 6 0
  BAT_LIST 0 1 7 0
  BAT_LIST 0 1 10 0
  BAT_LIST 0 1 18 0
  BAT_LIST 0 1 20 0
  BAT_LIST 0 1 27 0
  BAT_LIST 0 1 28 0
  BAT_AREA_2 0 1 2
  BAT_ZONE_2 0 1 2
  BAT_WRITERAWVERSION '34' 0 "C:\Users\Santiago\Documents\PROYECTO FINAL DE CARRERA - MATPOWER\outputs\reanudacion_20260910\psse_suite\solved_raw\suite_i_swdev_open_parallel_pqbrak_solved.raw"
  BAT_SAVE "C:\Users\Santiago\Documents\PROYECTO FINAL DE CARRERA - MATPOWER\outputs\reanudacion_20260910\psse_suite\suite_i_swdev_open_parallel_pqbrak.sav"
  STOP

PSSE console output
===================


 PSS(R)E Version 34
 Copyright (c) 1976-2026
 Siemens Industry, Inc.,
 Power Technologies International                            (PTI)
 This program is a confidential  unpublished  work  created  and  first
 licensed in 1976.  It is a trade secret which is the property of  PTI.
 All use,  disclosure,  and/or reproduction not specifically authorized
 by  PTI  is prohibited.   This  program is protected  under  copyright
 laws  of  non-U.S.  countries  and  by  application  of  international
 treaties.  All  Rights  Reserved  Under  The  Copyright  Laws.


           SIEMENS POWER TECHNOLOGIES INTERNATIONAL

      50000 BUS POWER SYSTEM SIMULATOR--PSS(R)E-34.9.3

             INITIATED ON THU, SEP 10 2026  11:22

 ACTIVITY? 
 Reading IC, SBASE, REV, XFRRAT, NXFRAT, BASFRQ...

 Reading two line case heading...

 Reading system-wide data...

 Reading bus data...

 Reading load data...

 Reading fixed bus shunt data...

 Reading generator data...

 Reading non-transformer branch data...

 Reading system switching device data...

 Reading transformer data...

 Reading area interchange data...

 Reading two-terminal dc line data...

 Reading VSC dc line data...

 Reading transformer impedance correction data...

 Reading multi-terminal dc line data...

 Reading multi-section line data...

 Reading zone name data...

 Reading inter-area transfer data...

 Reading owner name data...

 Reading FACTS device data...

 Reading switched shunt data...

 Reading GNE device data...

 Reading induction machine data...

 Reading substation data...
 Batch command complete.
 : 
 No power flow solution parameters changed
 Batch command complete.
 : 
 Ordering network...
 Diagonals = 2   Off-diagonals = 1   Maximum size = 2

  ITER       DELTAP      BUS         DELTAQ      BUS        DELTA/V/      BUS       DELTAANG      BUS
   0         0.9000(      3     )    0.3000(      3     )
                                                             0.07800(      3     )   0.17400(      3     )
   1         0.0992(      3     )    0.0756(      2     )
                                                             0.02845(      3     )   0.01932(      3     )
   2         0.0046(      2     )    0.0024(      2     )
                                                             0.00019(      3     )   0.00109(      3     )
   3         0.0001(      3     )    0.0000(      3     )


 Reached tolerance in 3 iterations

 Largest mismatch:      0.01 MW      0.00 Mvar      0.01 MVA at bus 3 [BUS3        230.00]
 System total absolute mismatch:                    0.01 MVA

 SWING BUS SUMMARY:
   BUS#-SCT X-- NAME --X BASKV      PGEN     PMAX    PMIN      QGEN     QMAX    QMIN
      1     BUS1        230.00      90.7    200.0     0.0      51.2    300.0  -300.0
 Batch command complete.
 :                                         PTI INTERACTIVE POWER SYSTEM SIMULATOR--PSS(R)E     THU, SEP 10 2026  11:22
                         SUITE_I_SWDEV_OPEN_PARALLEL_PQBRAK                               %MVA FOR TRANSFORMERS
                         OPEN SWDEV WITH PARALLEL LINE WHILE PQBRAK IS ACTIVE             % I  FOR NON-TRANSFORMER BRANCHES

 X--------- FROM BUS --------X AREA  VOLT            GEN    LOAD    SHUNT  X------------ TO BUS ------------X                     TRANSFORMER            RATING
   BUS#-SCT X-- NAME --X BASKV ZONE  PU/KV  ANGLE  MW/MVAR MW/MVAR MW/MVAR   BUS#-SCT X-- NAME --X BASKV AREA CKT   MW    MVAR   RATIO   ANGLE   AMPS   %  SET 1

      1     BUS1        230.00    1 1.0000    0.0    90.7      0.0     0.0 -------------------------------------------------------------------------------------
                                  1 230.00           51.2R     0.0    -0.0      2     BUS2        230.00    1  1    90.7   51.2                   261  42   628A

      2     BUS2        230.00    1 0.9436   -5.2     0.0      0.0     0.0 -------------------------------------------------------------------------------------
                                  1 217.03            0.0      0.0    -0.0      1     BUS1        230.00    1  1   -89.6  -40.4                   261  42   628A
                                                                                3     BUS3        230.00    1  1    89.6   40.4                   261  42   628A
      3     BUS3        230.00    1 0.8959  -11.0     0.0     88.5     0.0 -------------------------------------------------------------------------------------
                                  1 206.07            0.0     29.5    -0.0      2     BUS2        230.00    1  1   -88.5  -29.5                   261  42   628A

 Output completed
 Batch command complete.
 :      PTI INTERACTIVE POWER SYSTEM SIMULATOR--PSS(R)E     THU, SEP 10 2026  11:22
 SUITE_I_SWDEV_OPEN_PARALLEL_PQBRAK                                       RATING   %MVA FOR TRANSFORMERS
 OPEN SWDEV WITH PARALLEL LINE WHILE PQBRAK IS ACTIVE                     SET  1   % I  FOR NON-TRANSFORMER BRANCHES

 BUS      1     BUS1        230.00 CKT     MW     MVAR     MVA   % 1.0000PU    0.00  X--- LOSSES ---X X---- AREA -----X X---- ZONE -----X      1
  FROM GENERATION                         90.7    51.2R  104.2 104 230.00KV               MW     MVAR    1                 1
  TO      2     BUS2        230.00  1     90.7    51.2   104.2  42                       1.08   10.85    1                 1

 BUS      2     BUS2        230.00 CKT     MW     MVAR     MVA   % 0.9436PU   -5.20  X--- LOSSES ---X X---- AREA -----X X---- ZONE -----X      2
                                                                   217.03KV               MW     MVAR    1                 1
  TO      1     BUS1        230.00  1    -89.6   -40.4    98.3  42                       1.08   10.85    1                 1
  TO      3     BUS3        230.00  1     89.6    40.4    98.3  42                       1.08   10.85    1                 1

 BUS      3     BUS3        230.00 CKT     MW     MVAR     MVA   % 0.8959PU  -11.01  X--- LOSSES ---X X---- AREA -----X X---- ZONE -----X      3
                                                                   206.07KV               MW     MVAR    1                 1
  TO LOAD-PQ                              88.5    29.5    93.3
  TO      2     BUS2        230.00  1    -88.5   -29.5    93.3  42                       1.08   10.85    1                 1

 Output completed
 Batch command complete.
 :                                         PTI INTERACTIVE POWER SYSTEM SIMULATOR--PSS(R)E     THU, SEP 10 2026  11:22
                         SUITE_I_SWDEV_OPEN_PARALLEL_PQBRAK                               %MVA FOR TRANSFORMERS
                         OPEN SWDEV WITH PARALLEL LINE WHILE PQBRAK IS ACTIVE             % I  FOR NON-TRANSFORMER BRANCHES

 X--------- FROM BUS --------X AREA  VOLT            GEN    LOAD    SHUNT  X------------ TO BUS ------------X                        TRANSFORMER     RATING
   BUS#-SCT X-- NAME --X BASKV ZONE  PU/KV  ANGLE  MW/MVAR MW/MVAR MW/MVAR   BUS#-SCT X-- NAME --X BASKV AREA CKT    MW     MVAR    RATIO   ANGLE   %  SET 1

      1     BUS1        230.00    1 1.0000    0.0    90.7      0.0     0.0 ---------------------------------------------------------------------------------
                                  1 230.00           51.2R     0.0    -0.0      2     BUS2        230.00    1  1     90.7    51.2                   42   250

      2     BUS2        230.00    1 0.9436   -5.2     0.0      0.0     0.0 ---------------------------------------------------------------------------------
                                  1 217.03            0.0      0.0    -0.0      1     BUS1        230.00    1  1    -89.6   -40.4                   42   250
                                                                                3     BUS3        230.00    1  1     89.6    40.4                   42   250
      3     BUS3        230.00    1 0.8959  -11.0     0.0     88.5     0.0 ---------------------------------------------------------------------------------
                                  1 206.07            0.0     29.5    -0.0      2     BUS2        230.00    1  1    -88.5   -29.5                   42   250

 Output completed
 Batch command complete.
 :      PTI INTERACTIVE POWER SYSTEM SIMULATOR--PSS(R)E     THU, SEP 10 2026  11:22
 SUITE_I_SWDEV_OPEN_PARALLEL_PQBRAK
 OPEN SWDEV WITH PARALLEL LINE WHILE PQBRAK IS ACTIVE

 BUSES WITH VOLTAGE GREATER THAN 1.0500:

   BUS#-SCT X-- NAME --X BASKV AREA  V(PU)  V(KV)      BUS#-SCT X-- NAME --X BASKV AREA  V(PU)  V(KV)

                                            * NONE *


 BUSES WITH VOLTAGE LESS THAN 0.9500:

   BUS#-SCT X-- NAME --X BASKV AREA  V(PU)  V(KV)      BUS#-SCT X-- NAME --X BASKV AREA  V(PU)  V(KV)
      2     BUS2        230.00    1 0.9436 217.03         3     BUS3        230.00    1 0.8959 206.07

 Output completed
 Batch command complete.
 :      PTI INTERACTIVE POWER SYSTEM SIMULATOR--PSS(R)E     THU, SEP 10 2026  11:22
 SUITE_I_SWDEV_OPEN_PARALLEL_PQBRAK
 OPEN SWDEV WITH PARALLEL LINE WHILE PQBRAK IS ACTIVE

 SUBSYSTEM LOADING CHECK (INCLUDED: LINES; BREAKERS AND SWITCHES; TRANSFORMERS) (EXCLUDED: NONE)
 LOADINGS ABOVE 100.0 % OF RATING SET 1 (MVA FOR TRANSFORMERS, CURRENT FOR NON-TRANSFORMER BRANCHES):

 X----------- FROM BUS ------------X X------------ TO BUS -------------X
   BUS#-SCT X-- NAME --X BASKV  AREA   BUS#-SCT X-- NAME --X BASKV  AREA CKT LOADING   RATE1 PERCENT

                                   * NONE *

 Output completed
 Batch command complete.
 :      PTI INTERACTIVE POWER SYSTEM SIMULATOR--PSS(R)E     THU, SEP 10 2026  11:22
 SUITE_I_SWDEV_OPEN_PARALLEL_PQBRAK
 OPEN SWDEV WITH PARALLEL LINE WHILE PQBRAK IS ACTIVE

                                 X--VOLTAGE--X     X--SCHEDULED--X  X--VIOLATION--X
 X------ REGULATED  BUS -------X   P.U.    KV          VOLTAGE        P.U.     KV   X----------------------------- CONTROLLING  EQUIPMENT -----------------------------X
      1     [BUS1        230.00] 1.00000 230.0         1.00000                      LOCAL  GENERATION      1     [BUS1        230.00]

 Output completed
 Batch command complete.
 :      PTI INTERACTIVE POWER SYSTEM SIMULATOR--PSS(R)E     THU, SEP 10 2026  11:22
 SUITE_I_SWDEV_OPEN_PARALLEL_PQBRAK
 OPEN SWDEV WITH PARALLEL LINE WHILE PQBRAK IS ACTIVE

 OUT-OF-SERVICE BRANCHES:

 X----------- FROM BUS -----------X  X------------ TO BUS ------------X
   BUS#-SCT X-- NAME --X BASKV AREA    BUS#-SCT X-- NAME --X BASKV AREA  CKT
      2     BUS2        230.00    1       3     BUS3        230.00    1   @2


 OUT-OF-SERVICE THREE-WINDING TRANSFORMERS:

                                          X-------- WINDING 1 BUS ---------X X-------- WINDING 2 BUS ---------X X-------- WINDING 3 BUS ---------X
 X---------- TRANSFORMER NAME ----------X   BUS#-SCT X-- NAME --X BASKV AREA   BUS#-SCT X-- NAME --X BASKV AREA   BUS#-SCT X-- NAME --X BASKV AREA CKT

                                  ** NONE **


 ISOLATED BUSES:

 X-------------- BUS --------------X  X-------------- BUS --------------X  X-------------- BUS --------------X
   BUS#-SCT X-- NAME --X BASKV  AREA    BUS#-SCT X-- NAME --X BASKV  AREA    BUS#-SCT X-- NAME --X BASKV  AREA

                                  ** NONE **


 OUT-OF-SERVICE PLANTS:

 X-------------- BUS --------------X  X-------------- BUS --------------X  X-------------- BUS --------------X
   BUS#-SCT X-- NAME --X BASKV  AREA    BUS#-SCT X-- NAME --X BASKV  AREA    BUS#-SCT X-- NAME --X BASKV  AREA

                                  ** NONE **


 OUT-OF-SERVICE MACHINES AT IN-SERVICE PLANTS:

 X--------------- BUS ---------------X  X--------------- BUS ---------------X  X--------------- BUS ---------------X
   BUS#-SCT X-- NAME --X BASKV ID AREA    BUS#-SCT X-- NAME --X BASKV ID AREA    BUS#-SCT X-- NAME --X BASKV ID AREA

                                  ** NONE **


 OUT-OF-SERVICE INDUCTION MACHINES AT IN-SERVICE BUSES:

 X--------------- BUS ---------------X  X--------------- BUS ---------------X  X--------------- BUS ---------------X
   BUS#-SCT X-- NAME --X BASKV ID AREA    BUS#-SCT X-- NAME --X BASKV ID AREA    BUS#-SCT X-- NAME --X BASKV ID AREA

                                  ** NONE **


 OUT-OF-SERVICE LOADS AT IN-SERVICE BUSES:

 X--------------- BUS ---------------X  X--------------- BUS ---------------X  X--------------- BUS ---------------X
   BUS#-SCT X-- NAME --X BASKV ID AREA    BUS#-SCT X-- NAME --X BASKV ID AREA    BUS#-SCT X-- NAME --X BASKV ID AREA

                                  ** NONE **


 OUT-OF-SERVICE FIXED SHUNTS AT IN-SERVICE BUSES:

 X--------------- BUS ---------------X  X--------------- BUS ---------------X  X--------------- BUS ---------------X
   BUS#-SCT X-- NAME --X BASKV ID AREA    BUS#-SCT X-- NAME --X BASKV ID AREA    BUS#-SCT X-- NAME --X BASKV ID AREA

                                  ** NONE **


 BLOCKED TWO-TERMINAL DC LINES:

 X-2TERM DC-X  X-------- RECTIFIER --------X  X-------- INVERTER ---------X
 X-- NAME --X    BUS#-SCT X-- NAME --X BASKV    BUS#-SCT X-- NAME --X BASKV

                                  ** NONE **


 BLOCKED MULTI-TERMINAL DC LINES:

 X-MTERM DC-X  X-------- CONVERTER --------X  X-------- CONVERTER --------X  X-------- CONVERTER --------X
 X-- NAME --X    BUS#-SCT X-- NAME --X BASKV    BUS#-SCT X-- NAME --X BASKV    BUS#-SCT X-- NAME --X BASKV

                                  ** NONE **


 BLOCKED VSC DC LINES:

 X--VSC DC--X  X------ CONVERTER BUS ------X  X------ CONVERTER BUS ------X
 X-- NAME --X    BUS#-SCT X-- NAME --X BASKV    BUS#-SCT X-- NAME --X BASKV

                                  ** NONE **


 OUT-OF-SERVICE CONVERTERS AT IN-SERVICE VSC DC LINES:

 X--VSC DC--X  X------ CONVERTER BUS ------X  X------ CONVERTER BUS ------X
 X-- NAME --X    BUS#-SCT X-- NAME --X BASKV    BUS#-SCT X-- NAME --X BASKV

                                  ** NONE **


 BLOCKED FACTS CONTROL DEVICES:

 X--DEVICE--X  X------- SENDING BUS -------X  X------ TERMINAL BUS -------X
 X-- NAME --X    BUS#-SCT X-- NAME --X BASKV    BUS#-SCT X-- NAME --X BASKV

                                  ** NONE **


 OUT-OF-SERVICE GNE DEVICES:

 X--DEVICE--X  X-------- FROM BUS ---------X  X--------- TO BUS ----------X
 X-- NAME --X    BUS#-SCT X-- NAME --X BASKV    BUS#-SCT X-- NAME --X BASKV

                                  ** NONE **

 Output completed
 Batch command complete.
 :      PTI INTERACTIVE POWER SYSTEM SIMULATOR--PSS(R)E     THU, SEP 10 2026  11:22
 SUITE_I_SWDEV_OPEN_PARALLEL_PQBRAK                                        SHUNT
 OPEN SWDEV WITH PARALLEL LINE WHILE PQBRAK IS ACTIVE                    SUMMARY

                                                 N O M I N A L
   BUS#-SCT X-- NAME --X BASKV CODE ID STAT       MW      MVAR  VOLTAGE  TYPE    MODE ADJM     BMIN      BMAX

                                    * NONE *

 Output completed
 Batch command complete.
 :      PTI INTERACTIVE POWER SYSTEM SIMULATOR--PSS(R)E     THU, SEP 10 2026  11:22
 SUITE_I_SWDEV_OPEN_PARALLEL_PQBRAK                               SYSTEM SUMMARY
 OPEN SWDEV WITH PARALLEL LINE WHILE PQBRAK IS ACTIVE

 ---------------------BUSES----------------------        -----GENERATION----- ----SHUNTS----- -IND MACHS- FACTS   GNE
  TOTAL  PQ<>0.  PQ=0.  PE/E   PE/Q  SWING  OTHER  LOADS PLANTS MACHNS   WIND  FIXED SWITCHED GENS MOTORS  DEVS  DEVS
      3      1      1      0      0      1      0      1      1      1      0      0      0      0      0     0     0
 ------------------AC BRANCHES------------------- 3WIND MULTI-SECTION ---DC LINES--                    AREA X------- SWING BUSES -------X
  TOTAL    RXB     RX    RXT   RX=0.    IN    OUT XFORM  LINES SECTNS 2TRM MTRM VSC AREAS ZONES OWNRS TRANS      1     BUS1        230.00
      3      0      2      0      1      2      1     0      0      0    0    0   0     1     1     1     0
      ----GENERATION---- INDUCTION                                       GNE
 TOTAL   SYNCHR  INDUCTN   MOTORS   PQLOAD   I LOAD   Y LOAD   SHUNTS  DEVICES CHARGING   LOSSES    SWING
 MW        90.7      0.0      0.0     88.5      0.0      0.0      0.0      0.0      0.0      2.2     90.7
 MVAR      51.2      0.0      0.0     29.5      0.0      0.0     -0.0      0.0      0.0     21.7     51.2

 TOTAL MISMATCH =    0.01 MVA X--------- AT BUS ----------X   THRSHZ  PQBRAK BLOWUP  SBASE MXTPSS
  MAX. MISMATCH =    0.01 MVA      3     BUS3        230.00  0.000100  0.970   5.00 100.00   20
   HIGH VOLTAGE = 1.00000 PU       1     BUS1        230.00   ADJTHR  ACCTAP TAPLIM SWVBND MXSWIM
   LOW  VOLTAGE = 0.89594 PU       3     BUS3        230.00   0.0050  1.0000 0.0500  100.0   10

 X------ SOLV AND MSLV ------X  X----------------- NEWTON ------------------X  X----- TYSL -----X
  ACCP  ACCQ  ACCM   TOL  ITER  ACCN  TOLN  VCTOLQ  VCTOLV ITER  DVLIM NDVFCT  ACCTY    TOL  ITER
 1.600 1.600 1.000 0.00010 100  1.00 0.1000 0.1000 0.000010  20 0.9900 0.9900  1.000 0.000010  20
     PTI INTERACTIVE POWER SYSTEM SIMULATOR--PSS(R)E     THU, SEP 10 2026  11:22
 SUITE_I_SWDEV_OPEN_PARALLEL_PQBRAK                                      WORST
 OPEN SWDEV WITH PARALLEL LINE WHILE PQBRAK IS ACTIVE                 MISMATCHES
   BUS#-SCT X-- NAME --X BASKV       MW       MVAR       MVA
      3     BUS3        230.00     -0.01     -0.00      0.01
     PTI INTERACTIVE POWER SYSTEM SIMULATOR--PSS(R)E     THU, SEP 10 2026  11:22
 SUITE_I_SWDEV_OPEN_PARALLEL_PQBRAK                                   RATING SET
 OPEN SWDEV WITH PARALLEL LINE WHILE PQBRAK IS ACTIVE                UTILIZATION
 RATING SET  -NAME-  X---------DESCRIPTION----------X  # NON-ZERO RATINGS
      1      RATE1   RATING SET 1                                 3
      2      RATE2   RATING SET 2                                 3
      3      RATE3   RATING SET 3                                 3
      4      RATE4   RATING SET 4                                 1
      5      RATE5   RATING SET 5                                 1
      6      RATE6   RATING SET 6                                 1
      7      RATE7   RATING SET 7                                 1
      8      RATE8   RATING SET 8                                 1
      9      RATE9   RATING SET 9                                 1
     10      RATE10  RATING SET 10                                1
     11      RATE11  RATING SET 11                                1
     12      RATE12  RATING SET 12                                1

 Output completed
 Batch command complete.
 :      PTI INTERACTIVE POWER SYSTEM SIMULATOR--PSS(R)E     THU, SEP 10 2026  11:22
 SUITE_I_SWDEV_OPEN_PARALLEL_PQBRAK                                     BUS DATA
 OPEN SWDEV WITH PARALLEL LINE WHILE PQBRAK IS ACTIVE
                                           S H U N T S                                 X--- NORMAL --X  X- EMERGENCY -X
   BUS#-SCT X-- NAME --X BASKV CODE LOADS FIXED SWITCHED  VOLT   ANGLE AREA ZONE OWNER   VMAX    VMIN     VMAX    VMIN
      1     BUS1        230.00   3    0     0      0    1.00000    0.0    1    1    1  1.10000 0.90000  1.10000 0.90000
      2     BUS2        230.00   1    0     0      0    0.94361   -5.2    1    1    1  1.10000 0.90000  1.10000 0.90000
      3     BUS3        230.00   1    1     0      0    0.89594  -11.0    1    1    1  1.10000 0.90000  1.10000 0.90000

 Output completed
 Batch command complete.
 :      PTI INTERACTIVE POWER SYSTEM SIMULATOR--PSS(R)E     THU, SEP 10 2026  11:22
 SUITE_I_SWDEV_OPEN_PARALLEL_PQBRAK                                    SWITCHED
 OPEN SWDEV WITH PARALLEL LINE WHILE PQBRAK IS ACTIVE                 SHUNT DATA
                                   S ADJ                                                                       X-------- REGULATED BUS ---------X X--FACTS/--X
   BUS#-SCT X-- NAME --X BASKV MOD T METH VHI    VLO     SHUNT  X-------X X-------X X-------X X-------X  PCT Q   BUS#-SCT X-- NAME --X BASKV NODE X-VSC NAME-X

                                    * NONE *

 Output completed
 Batch command complete.
 :      PTI INTERACTIVE POWER SYSTEM SIMULATOR--PSS(R)E     THU, SEP 10 2026  11:22
 SUITE_I_SWDEV_OPEN_PARALLEL_PQBRAK                                   GENERATING
 OPEN SWDEV WITH PARALLEL LINE WHILE PQBRAK IS ACTIVE                 PLANT DATA
                                                                                       X-------- REGULATED BUS ---------X
   BUS#-SCT X-- NAME --X BASKV COD MCNS PGEN   QGEN   QMAX   QMIN VSCHED  VACT.  PCT Q   BUS#-SCT X-- NAME --X BASKV NODE
      1     BUS1        230.00  3   1   90.7   51.2  300.0 -300.0 1.0000 1.0000  100.0      1     BUS1        230.00    0

 Output completed
 Batch command complete.
 :      PTI INTERACTIVE POWER SYSTEM SIMULATOR--PSS(R)E     THU, SEP 10 2026  11:22
 SUITE_I_SWDEV_OPEN_PARALLEL_PQBRAK                                    GENERATOR
 OPEN SWDEV WITH PARALLEL LINE WHILE PQBRAK IS ACTIVE                  UNIT DATA
   BUS#-SCT X-- NAME --X BASKV CD ID ST  PGEN   QGEN   QMAX   QMIN   PMAX   PMIN  OWN FRACT  OWN FRACT  MBASE  Z S O R C E    X T R A N    GENTAP WMOD  WPF
      1     BUS1        230.00  3 1  1   90.7   51.2  300.0 -300.0  200.0    0.0    1 1.000             100.0 0.0000 1.0000

 Output completed
 Batch command complete.
 :      PTI INTERACTIVE POWER SYSTEM SIMULATOR--PSS(R)E     THU, SEP 10 2026  11:22
 SUITE_I_SWDEV_OPEN_PARALLEL_PQBRAK                                  BRANCH DATA
 OPEN SWDEV WITH PARALLEL LINE WHILE PQBRAK IS ACTIVE
 X-------- FROM BUS ---------X  X--------- TO BUS ----------X                                Z S
   BUS#-SCT X-- NAME --X BASKV    BUS#-SCT X-- NAME --X BASKV CKT   R (PU)   X (PU)   B (PU) I T  RATE1  RATE2  RATE3  RATE4  RATE5  RATE6  RATE7  RATE8  RATE9 RATE10 RATE11 RATE12 LENGTH OWN1 FRAC1 OWN2 FRAC2 OWN3 FRAC3 OWN4 FRAC4
      1     BUS1        230.00*      2     BUS2        230.00  1   0.01000  0.10000  0.00000   1  250.0  250.0  250.0    0.0    0.0    0.0    0.0    0.0    0.0    0.0    0.0    0.0    1.0    1 1.000
      2     BUS2        230.00*      3     BUS3        230.00  1   0.01000  0.10000  0.00000   1  250.0  250.0  250.0    0.0    0.0    0.0    0.0    0.0    0.0    0.0    0.0    0.0    1.0    1 1.000
      2     BUS2        230.00       3     BUS3        230.00* @2  0.00000  0.00010  0.00000 Z 0  150.0  140.0  130.0  120.0  110.0  100.0   90.0   80.0   70.0   60.0   50.0   40.0    0.0    1 1.000

 Output completed
 Batch command complete.
 :      PTI INTERACTIVE POWER SYSTEM SIMULATOR--PSS(R)E     THU, SEP 10 2026  11:22
 SUITE_I_SWDEV_OPEN_PARALLEL_PQBRAK                                  BRANCH DATA
 OPEN SWDEV WITH PARALLEL LINE WHILE PQBRAK IS ACTIVE
 X-------- FROM BUS ---------X  X--------- TO BUS ----------X                                Z S
   BUS#-SCT X-- NAME --X BASKV    BUS#-SCT X-- NAME --X BASKV CKT   R (PU)   X (PU)   B (PU) I T  RATE1  RATE2  RATE3  RATE4  RATE5  RATE6  RATE7  RATE8  RATE9 RATE10 RATE11 RATE12 LENGTH OWN1 FRAC1 OWN2 FRAC2 OWN3 FRAC3 OWN4 FRAC4
      1     BUS1        230.00*      2     BUS2        230.00  1   0.01000  0.10000  0.00000   1  250.0  250.0  250.0    0.0    0.0    0.0    0.0    0.0    0.0    0.0    0.0    0.0    1.0    1 1.000
      2     BUS2        230.00       1     BUS1        230.00* 1   0.01000  0.10000  0.00000   1  250.0  250.0  250.0    0.0    0.0    0.0    0.0    0.0    0.0    0.0    0.0    0.0    1.0    1 1.000
      2     BUS2        230.00*      3     BUS3        230.00  1   0.01000  0.10000  0.00000   1  250.0  250.0  250.0    0.0    0.0    0.0    0.0    0.0    0.0    0.0    0.0    0.0    1.0    1 1.000
      2     BUS2        230.00       3     BUS3        230.00* @2  0.00000  0.00010  0.00000 Z 0  150.0  140.0  130.0  120.0  110.0  100.0   90.0   80.0   70.0   60.0   50.0   40.0    0.0    1 1.000
      3     BUS3        230.00       2     BUS2        230.00* 1   0.01000  0.10000  0.00000   1  250.0  250.0  250.0    0.0    0.0    0.0    0.0    0.0    0.0    0.0    0.0    0.0    1.0    1 1.000
      3     BUS3        230.00*      2     BUS2        230.00  @2  0.00000  0.00010  0.00000 Z 0  150.0  140.0  130.0  120.0  110.0  100.0   90.0   80.0   70.0   60.0   50.0   40.0    0.0    1 1.000

 Output completed
 Batch command complete.
 :      PTI INTERACTIVE POWER SYSTEM SIMULATOR--PSS(R)E     THU, SEP 10 2026  11:22
 SUITE_I_SWDEV_OPEN_PARALLEL_PQBRAK
 OPEN SWDEV WITH PARALLEL LINE WHILE PQBRAK IS ACTIVE               DC LINE DATA

                                    * NONE *

 Output completed
 Batch command complete.
 :      PTI INTERACTIVE POWER SYSTEM SIMULATOR--PSS(R)E     THU, SEP 10 2026  11:22
 SUITE_I_SWDEV_OPEN_PARALLEL_PQBRAK                                    LOAD DATA
 OPEN SWDEV WITH PARALLEL LINE WHILE PQBRAK IS ACTIVE
   BUS#-SCT X-- NAME --X BASKV ID CD ST   PSI     MVA-LOAD      CUR-LOAD      Y - LOAD  AREA ZONE OWNER SCALE INTRPT     DGEN-MVA  DGEN-FLAG
      3     BUS3        230.00 1   1 1  1.000   90.0   30.0    0.0    0.0    0.0    0.0    1    1    1   YES     NO     0.0    0.0     OFF

 Output completed
 Batch command complete.
 :      PTI INTERACTIVE POWER SYSTEM SIMULATOR--PSS(R)E     THU, SEP 10 2026  11:22
 SUITE_I_SWDEV_OPEN_PARALLEL_PQBRAK                                FACTS SENDING
 OPEN SWDEV WITH PARALLEL LINE WHILE PQBRAK IS ACTIVE                 END DATA
 X- DEVICE -X X------- SENDING BUS -------X X------ TERMINAL BUS -------X                                         X-------- REGULATED BUS ---------X X- MASTER -X
 X-- NAME --X   BUS#-SCT X-- NAME --X BASKV   BUS#-SCT X-- NAME --X BASKV MODE  V SET SHNTMX  PCT Q  BRDGMX OWNER   BUS#-SCT X-- NAME --X BASKV NODE X-- NAME --X

                                    * NONE *

 Output completed
 Batch command complete.
 :      PTI INTERACTIVE POWER SYSTEM SIMULATOR--PSS(R)E     THU, SEP 10 2026  11:22
 SUITE_I_SWDEV_OPEN_PARALLEL_PQBRAK                               FACTS TERMINAL
 OPEN SWDEV WITH PARALLEL LINE WHILE PQBRAK IS ACTIVE                END DATA
 X- DEVICE -X X------- SENDING BUS -------X X------ TERMINAL BUS -------X
 X-- NAME --X   BUS#-SCT X-- NAME --X BASKV   BUS#-SCT X-- NAME --X BASKV MODE  PDES   QDES  VTMAX  VTMIN  VSMAX ISMAX  LINE X VSREF   SET1     SET2

                                    * NONE *

 Output completed
 Batch command complete.
 :      PTI INTERACTIVE POWER SYSTEM SIMULATOR--PSS(R)E     THU, SEP 10 2026  11:22
 SUITE_I_SWDEV_OPEN_PARALLEL_PQBRAK                                      FIXED
 OPEN SWDEV WITH PARALLEL LINE WHILE PQBRAK IS ACTIVE                 SHUNT DATA
   BUS#-SCT X-- NAME --X BASKV ID CODE STAT       S H U N T

                                    * NONE *

 Output completed
 Batch command complete.
 :      PTI INTERACTIVE POWER SYSTEM SIMULATOR--PSS(R)E     THU, SEP 10 2026  11:22
 SUITE_I_SWDEV_OPEN_PARALLEL_PQBRAK                                  AREA TOTALS
 OPEN SWDEV WITH PARALLEL LINE WHILE PQBRAK IS ACTIVE                 IN MW/MVAR
                 FROM ---ASSIGNED TO THE AREA---              TO                               -NET INTERCHANGE-
                GENE- FROM IND   TO IND       TO   TO BUS  GNE BUS  TO LINE     FROM     TO     TO TIE  TO TIES  DESIRED
 X-- AREA --X  RATION GENERATN   MOTORS     LOAD    SHUNT  DEVICES    SHUNT CHARGING   LOSSES    LINES  + LOADS  NET INT

    1            90.7      0.0      0.0     88.5      0.0      0.0      0.0      0.0      2.2      0.0      0.0      0.0
                 51.2      0.0      0.0     29.5     -0.0      0.0     -0.0      0.0     21.7      0.0      0.0

 COLUMN          90.7      0.0      0.0     88.5      0.0      0.0      0.0      0.0      2.2      0.0      0.0      0.0
 TOTALS          51.2      0.0      0.0     29.5      0.0      0.0      0.0      0.0     21.7      0.0      0.0

 Output completed
 Batch command complete.
 :      PTI INTERACTIVE POWER SYSTEM SIMULATOR--PSS(R)E     THU, SEP 10 2026  11:22
 SUITE_I_SWDEV_OPEN_PARALLEL_PQBRAK                                  ZONE TOTALS
 OPEN SWDEV WITH PARALLEL LINE WHILE PQBRAK IS ACTIVE                 IN MW/MVAR
                 FROM ---ASSIGNED TO THE ZONE---              TO                               -NET INTERCHANGE-
                GENE- FROM IND   TO IND       TO   TO BUS  GNE BUS  TO LINE     FROM     TO     TO TIE  TO TIES
 X-- ZONE --X  RATION GENERATN   MOTORS     LOAD    SHUNT  DEVICES    SHUNT CHARGING   LOSSES    LINES  + LOADS

    1            90.7      0.0      0.0     88.5      0.0      0.0      0.0      0.0      2.2      0.0      0.0
                 51.2      0.0      0.0     29.5     -0.0      0.0     -0.0      0.0     21.7      0.0      0.0

 COLUMN          90.7      0.0      0.0     88.5      0.0      0.0      0.0      0.0      2.2      0.0      0.0
 TOTALS          51.2      0.0      0.0     29.5      0.0      0.0      0.0      0.0     21.7      0.0      0.0

 Output completed
 Batch command complete.
 : 
 Output completed
 Batch command complete.
 : 
 Case saved in file C:\Users\Santiago\Documents\PROYECTO FINAL DE CARRERA - MATPOWER\outputs\reanudacion_20260910\psse_suite\suite_i_swdev_open_parallel_pqbrak.sav on THU, SEP 10 2026  11:22
 Batch command complete.
 : 