PSSE CLI power-flow run configuration
====================================
RAW file: C:\Users\Santiago\Documents\PROYECTO FINAL DE CARRERA - MATPOWER\auditoria_psse_matpower\psse_validation_suite\suite_u_pqbrak_3bus_basic.raw
PSSE executable: C:\Program Files (x86)\PTI\PSSE34\PSSBIN\pssecmd34.exe
RAW output version: 34
Solver: FNSL
Solver option array code form: BAT_FNSL 0 0 0 0 0 0 1 0
Solver option array values: 0 0 0 0 0 0 1 0

Explicit solver option parameters:
- Option 1, tap adjustment flag = 0: disable transformer tap adjustment.
- Option 2, area interchange adjustment flag = 0: disable area interchange adjustment.
- Option 3, phase shift adjustment flag = 0: disable phase-shifter adjustment.
- Option 4, DC tap adjustment flag = 0: disable DC tap adjustment.
- Option 5, switched shunt adjustment flag = 0: disable switched-shunt adjustment.
- Option 6, flat start flag = 0: do not flat start; use voltages already present in the RAW/case.
- Option 7, VAR limit flag = 1: apply generator reactive power limits on iteration 1, or sooner if mismatch gets small.
- Option 8, non-divergent solution flag = 0: disable non-divergent Newton solution.

Additional explicit solver parameters:
- RAW GENERAL, THRSHZ=0.0001: set with BAT_SOLUTION_PARAMETERS_4 REALAR(11).
- RAW GENERAL, PQBRAK=0.9700: set with BAT_SOLUTION_PARAMETERS_4 REALAR(10).
- RAW NEWTON, ITMXN=40: set with BAT_SOLUTION_PARAMETERS_4 INTGAR(2).
- RAW NEWTON, ACCN=1.0: set with BAT_SOLUTION_PARAMETERS_4 REALAR(5).
- RAW NEWTON, TOLN=1.0: set with BAT_SOLUTION_PARAMETERS_4 REALAR(6).
- RAW NEWTON, DVLIM=0.99: set with BAT_SOLUTION_PARAMETERS_4 REALAR(15).
- RAW NEWTON, NDVFCT=0.99: set with BAT_SOLUTION_PARAMETERS_4 REALAR(16).
- RAW NEWTON, VCTOLQ=0.1: set with BAT_SOLUTION_PARAMETERS_4 REALAR(17).
- RAW NEWTON, VCTOLV=0.00001: set with BAT_SOLUTION_PARAMETERS_4 REALAR(18).
- RAW ADJUST, ADJTHR=0.005: set with BAT_SOLUTION_PARAMETERS_4 REALAR(12).
- RAW ADJUST, ACCTAP=1.0: set with BAT_SOLUTION_PARAMETERS_4 REALAR(13).
- RAW ADJUST, TAPLIM=0.05: set with BAT_SOLUTION_PARAMETERS_4 REALAR(14).
- RAW ADJUST, SWVBND=100.0: set with BAT_SOLUTION_PARAMETERS_4 REALAR(19).
- RAW ADJUST, MXTPSS=20: set with BAT_SOLUTION_PARAMETERS_4 INTGAR(4).
- RAW ADJUST, MXSWIM=10: set with BAT_SOLUTION_PARAMETERS_4 INTGAR(5).
- RAW SOLVER line applied to BAT_FNSL option array: SOLVER, FNSL, ACTAPS=0, AREAIN=0, PHSHFT=0, DCTAPS=0, SWSHNT=0, FLATST=0, VARLIM=1, NONDIV=0

Generated PSSE response commands:
  BAT_READ 0 "C:\Users\Santiago\Documents\PROYECTO FINAL DE CARRERA - MATPOWER\auditoria_psse_matpower\psse_validation_suite\suite_u_pqbrak_3bus_basic.raw"
  BAT_SOLUTION_PARAMETERS_4 100 40 20 20 10 1.6 1.6 1 0.0001 1 1 1 1E-05 5 0.97 0.0001 0.005 1 0.05 0.99 0.99 0.1 1E-05 100
  BAT_FNSL 0 0 0 0 0 0 1 0
  BAT_LAMP 0 1
  BAT_POUT 0 1
  BAT_LOUT 0 1
  BAT_VCHK 0 1 0.95 1.05
  BAT_RATE_2 0 1 1 1 1 1 100.0
  BAT_REGB 0 1
  BAT_OUTS 0 1
  BAT_SHNT 0 1 1
  BAT_LIST 0 1 1 0
  BAT_LIST 0 1 2 0
  BAT_LIST 0 1 3 0
  BAT_LIST 0 1 4 0
  BAT_LIST 0 1 5 0
  BAT_LIST 0 1 6 0
  BAT_LIST 0 1 7 0
  BAT_LIST 0 1 10 0
  BAT_LIST 0 1 18 0
  BAT_LIST 0 1 20 0
  BAT_LIST 0 1 27 0
  BAT_LIST 0 1 28 0
  BAT_AREA_2 0 1 2
  BAT_ZONE_2 0 1 2
  BAT_WRITERAWVERSION '34' 0 "C:\Users\Santiago\Documents\PROYECTO FINAL DE CARRERA - MATPOWER\outputs\reanudacion_20260910\psse_suite\solved_raw\suite_u_pqbrak_3bus_basic_solved.raw"
  BAT_SAVE "C:\Users\Santiago\Documents\PROYECTO FINAL DE CARRERA - MATPOWER\outputs\reanudacion_20260910\psse_suite\suite_u_pqbrak_3bus_basic.sav"
  STOP

PSSE console output
===================


 PSS(R)E Version 34
 Copyright (c) 1976-2026
 Siemens Industry, Inc.,
 Power Technologies International                            (PTI)
 This program is a confidential  unpublished  work  created  and  first
 licensed in 1976.  It is a trade secret which is the property of  PTI.
 All use,  disclosure,  and/or reproduction not specifically authorized
 by  PTI  is prohibited.   This  program is protected  under  copyright
 laws  of  non-U.S.  countries  and  by  application  of  international
 treaties.  All  Rights  Reserved  Under  The  Copyright  Laws.


           SIEMENS POWER TECHNOLOGIES INTERNATIONAL

      50000 BUS POWER SYSTEM SIMULATOR--PSS(R)E-34.9.3

             INITIATED ON THU, SEP 10 2026  11:24

 ACTIVITY? 
 Reading IC, SBASE, REV, XFRRAT, NXFRAT, BASFRQ...

 Reading two line case heading...

 Reading system-wide data...

 Reading bus data...

 Reading load data...

 Reading fixed bus shunt data...

 Reading generator data...

 Reading non-transformer branch data...

 Reading system switching device data...

 Reading transformer data...

 Reading area interchange data...

 Reading two-terminal dc line data...

 Reading VSC dc line data...

 Reading transformer impedance correction data...

 Reading multi-terminal dc line data...

 Reading multi-section line data...

 Reading zone name data...

 Reading inter-area transfer data...

 Reading owner name data...

 Reading FACTS device data...

 Reading switched shunt data...

 Reading GNE device data...

 Reading induction machine data...

 Reading substation data...
 Batch command complete.
 : 
 No power flow solution parameters changed
 Batch command complete.
 : 
 Ordering network...
 Diagonals = 2   Off-diagonals = 1   Maximum size = 2

  ITER       DELTAP      BUS         DELTAQ      BUS        DELTA/V/      BUS       DELTAANG      BUS
   0         0.6490(      3     )    0.0553(      3     )
                                                             0.02448(      3     )   0.08367(      3     )
   1         0.0208(      3     )    0.0247(      3     )
                                                             0.00430(      3     )   0.00346(      3     )
   2         0.0003(      3     )    0.0000(      3     )


 Reached tolerance in 2 iterations

 Largest mismatch:     -0.03 MW     -0.00 Mvar      0.03 MVA at bus 3 [LOAD        230.00]
 System total absolute mismatch:                    0.04 MVA

 SWING BUS SUMMARY:
   BUS#-SCT X-- NAME --X BASKV      PGEN     PMAX    PMIN      QGEN     QMAX    QMIN
      1     SLACK       230.00      22.6    300.0     0.0     -31.9    300.0  -300.0
 Batch command complete.
 :                                         PTI INTERACTIVE POWER SYSTEM SIMULATOR--PSS(R)E     THU, SEP 10 2026  11:24
                         SUITE_U_PQBRAK_3BUS_BASIC                                        %MVA FOR TRANSFORMERS
                         ISOLATED PQBRAK LOAD-SCALING GATE                                % I  FOR NON-TRANSFORMER BRANCHES

 X--------- FROM BUS --------X AREA  VOLT            GEN    LOAD    SHUNT  X------------ TO BUS ------------X                     TRANSFORMER            RATING
   BUS#-SCT X-- NAME --X BASKV ZONE  PU/KV  ANGLE  MW/MVAR MW/MVAR MW/MVAR   BUS#-SCT X-- NAME --X BASKV AREA CKT   MW    MVAR   RATIO   ANGLE   AMPS   %  SET 1

      1     SLACK       230.00    1 1.0000    0.0    22.6      0.0     0.0 -------------------------------------------------------------------------------------
                                  1 230.00          -31.9R     0.0    -0.0      2     GEN_LOCAL   230.00    1  1    22.6  -31.9                    98  20   502A

      2     GEN_LOCAL   230.00    1 1.0300   -1.4    80.0      0.0     0.0 -------------------------------------------------------------------------------------
                                  1 236.90           88.8R     0.0    -0.0      1     SLACK       230.00    1  1   -22.5   33.5                    98  20   502A
                                                                                3     LOAD        230.00    1  1   102.5   55.3                   284  57   502A
      3     LOAD        230.00    1 0.9519   -8.0     0.0     99.9     0.0 -------------------------------------------------------------------------------------
                                  1 218.94            0.0     40.0    -0.0      2     GEN_LOCAL   230.00    1  1   -99.9  -40.0                   284  57   502A

 Output completed
 Batch command complete.
 :      PTI INTERACTIVE POWER SYSTEM SIMULATOR--PSS(R)E     THU, SEP 10 2026  11:24
 SUITE_U_PQBRAK_3BUS_BASIC                                                RATING   %MVA FOR TRANSFORMERS
 ISOLATED PQBRAK LOAD-SCALING GATE                                        SET  1   % I  FOR NON-TRANSFORMER BRANCHES

 BUS      1     SLACK       230.00 CKT     MW     MVAR     MVA   % 1.0000PU    0.00  X--- LOSSES ---X X---- AREA -----X X---- ZONE -----X      1
  FROM GENERATION                         22.6   -31.9R   39.2  39 230.00KV               MW     MVAR    1 AREA1           1 ZONE1
  TO      2     GEN_LOCAL   230.00  1     22.6   -31.9    39.2  20                       0.15    1.53    1 AREA1           1 ZONE1

 BUS      2     GEN_LOCAL   230.00 CKT     MW     MVAR     MVA   % 1.0300PU   -1.44  X--- LOSSES ---X X---- AREA -----X X---- ZONE -----X      2
  FROM GENERATION                         80.0    88.8R  119.5 120 236.90KV               MW     MVAR    1 AREA1           1 ZONE1
  TO      1     SLACK       230.00  1    -22.5    33.5    40.3  20                       0.15    1.53    1 AREA1           1 ZONE1
  TO      3     LOAD        230.00  1    102.5    55.3   116.5  57                       2.56   15.34    1 AREA1           1 ZONE1

 BUS      3     LOAD        230.00 CKT     MW     MVAR     MVA   % 0.9519PU   -7.99  X--- LOSSES ---X X---- AREA -----X X---- ZONE -----X      3
                                                                   218.94KV               MW     MVAR    1 AREA1           1 ZONE1
  TO LOAD-PQ                              99.9    40.0   107.6
  TO      2     GEN_LOCAL   230.00  1    -99.9   -40.0   107.6  57                       2.56   15.34    1 AREA1           1 ZONE1

 Output completed
 Batch command complete.
 :                                         PTI INTERACTIVE POWER SYSTEM SIMULATOR--PSS(R)E     THU, SEP 10 2026  11:24
                         SUITE_U_PQBRAK_3BUS_BASIC                                        %MVA FOR TRANSFORMERS
                         ISOLATED PQBRAK LOAD-SCALING GATE                                % I  FOR NON-TRANSFORMER BRANCHES

 X--------- FROM BUS --------X AREA  VOLT            GEN    LOAD    SHUNT  X------------ TO BUS ------------X                        TRANSFORMER     RATING
   BUS#-SCT X-- NAME --X BASKV ZONE  PU/KV  ANGLE  MW/MVAR MW/MVAR MW/MVAR   BUS#-SCT X-- NAME --X BASKV AREA CKT    MW     MVAR    RATIO   ANGLE   %  SET 1

      1     SLACK       230.00    1 1.0000    0.0    22.6      0.0     0.0 ---------------------------------------------------------------------------------
                                  1 230.00          -31.9R     0.0    -0.0      2     GEN_LOCAL   230.00    1  1     22.6   -31.9                   20   200

      2     GEN_LOCAL   230.00    1 1.0300   -1.4    80.0      0.0     0.0 ---------------------------------------------------------------------------------
                                  1 236.90           88.8R     0.0    -0.0      1     SLACK       230.00    1  1    -22.5    33.5                   20   200
                                                                                3     LOAD        230.00    1  1    102.5    55.3                   57   200
      3     LOAD        230.00    1 0.9519   -8.0     0.0     99.9     0.0 ---------------------------------------------------------------------------------
                                  1 218.94            0.0     40.0    -0.0      2     GEN_LOCAL   230.00    1  1    -99.9   -40.0                   57   200

 Output completed
 Batch command complete.
 :      PTI INTERACTIVE POWER SYSTEM SIMULATOR--PSS(R)E     THU, SEP 10 2026  11:24
 SUITE_U_PQBRAK_3BUS_BASIC
 ISOLATED PQBRAK LOAD-SCALING GATE

 BUSES WITH VOLTAGE GREATER THAN 1.0500:

   BUS#-SCT X-- NAME --X BASKV AREA  V(PU)  V(KV)      BUS#-SCT X-- NAME --X BASKV AREA  V(PU)  V(KV)

                                            * NONE *


 BUSES WITH VOLTAGE LESS THAN 0.9500:

   BUS#-SCT X-- NAME --X BASKV AREA  V(PU)  V(KV)      BUS#-SCT X-- NAME --X BASKV AREA  V(PU)  V(KV)

                                            * NONE *

 Output completed
 Batch command complete.
 :      PTI INTERACTIVE POWER SYSTEM SIMULATOR--PSS(R)E     THU, SEP 10 2026  11:24
 SUITE_U_PQBRAK_3BUS_BASIC
 ISOLATED PQBRAK LOAD-SCALING GATE

 SUBSYSTEM LOADING CHECK (INCLUDED: LINES; BREAKERS AND SWITCHES; TRANSFORMERS) (EXCLUDED: NONE)
 LOADINGS ABOVE 100.0 % OF RATING SET 1 (MVA FOR TRANSFORMERS, CURRENT FOR NON-TRANSFORMER BRANCHES):

 X----------- FROM BUS ------------X X------------ TO BUS -------------X
   BUS#-SCT X-- NAME --X BASKV  AREA   BUS#-SCT X-- NAME --X BASKV  AREA CKT LOADING   RATE1 PERCENT

                                   * NONE *

 Output completed
 Batch command complete.
 :      PTI INTERACTIVE POWER SYSTEM SIMULATOR--PSS(R)E     THU, SEP 10 2026  11:24
 SUITE_U_PQBRAK_3BUS_BASIC
 ISOLATED PQBRAK LOAD-SCALING GATE

                                 X--VOLTAGE--X     X--SCHEDULED--X  X--VIOLATION--X
 X------ REGULATED  BUS -------X   P.U.    KV          VOLTAGE        P.U.     KV   X----------------------------- CONTROLLING  EQUIPMENT -----------------------------X
      1     [SLACK       230.00] 1.00000 230.0         1.00000                      LOCAL  GENERATION      1     [SLACK       230.00]

      2     [GEN_LOCAL   230.00] 1.03000 236.9         1.03000                      LOCAL  GENERATION      2     [GEN_LOCAL   230.00]

 Output completed
 Batch command complete.
 :      PTI INTERACTIVE POWER SYSTEM SIMULATOR--PSS(R)E     THU, SEP 10 2026  11:24
 SUITE_U_PQBRAK_3BUS_BASIC
 ISOLATED PQBRAK LOAD-SCALING GATE

 OUT-OF-SERVICE BRANCHES:

 X----------- FROM BUS -----------X  X------------ TO BUS ------------X
   BUS#-SCT X-- NAME --X BASKV AREA    BUS#-SCT X-- NAME --X BASKV AREA  CKT

                                  ** NONE **


 OUT-OF-SERVICE THREE-WINDING TRANSFORMERS:

                                          X-------- WINDING 1 BUS ---------X X-------- WINDING 2 BUS ---------X X-------- WINDING 3 BUS ---------X
 X---------- TRANSFORMER NAME ----------X   BUS#-SCT X-- NAME --X BASKV AREA   BUS#-SCT X-- NAME --X BASKV AREA   BUS#-SCT X-- NAME --X BASKV AREA CKT

                                  ** NONE **


 ISOLATED BUSES:

 X-------------- BUS --------------X  X-------------- BUS --------------X  X-------------- BUS --------------X
   BUS#-SCT X-- NAME --X BASKV  AREA    BUS#-SCT X-- NAME --X BASKV  AREA    BUS#-SCT X-- NAME --X BASKV  AREA

                                  ** NONE **


 OUT-OF-SERVICE PLANTS:

 X-------------- BUS --------------X  X-------------- BUS --------------X  X-------------- BUS --------------X
   BUS#-SCT X-- NAME --X BASKV  AREA    BUS#-SCT X-- NAME --X BASKV  AREA    BUS#-SCT X-- NAME --X BASKV  AREA

                                  ** NONE **


 OUT-OF-SERVICE MACHINES AT IN-SERVICE PLANTS:

 X--------------- BUS ---------------X  X--------------- BUS ---------------X  X--------------- BUS ---------------X
   BUS#-SCT X-- NAME --X BASKV ID AREA    BUS#-SCT X-- NAME --X BASKV ID AREA    BUS#-SCT X-- NAME --X BASKV ID AREA

                                  ** NONE **


 OUT-OF-SERVICE INDUCTION MACHINES AT IN-SERVICE BUSES:

 X--------------- BUS ---------------X  X--------------- BUS ---------------X  X--------------- BUS ---------------X
   BUS#-SCT X-- NAME --X BASKV ID AREA    BUS#-SCT X-- NAME --X BASKV ID AREA    BUS#-SCT X-- NAME --X BASKV ID AREA

                                  ** NONE **


 OUT-OF-SERVICE LOADS AT IN-SERVICE BUSES:

 X--------------- BUS ---------------X  X--------------- BUS ---------------X  X--------------- BUS ---------------X
   BUS#-SCT X-- NAME --X BASKV ID AREA    BUS#-SCT X-- NAME --X BASKV ID AREA    BUS#-SCT X-- NAME --X BASKV ID AREA

                                  ** NONE **


 OUT-OF-SERVICE FIXED SHUNTS AT IN-SERVICE BUSES:

 X--------------- BUS ---------------X  X--------------- BUS ---------------X  X--------------- BUS ---------------X
   BUS#-SCT X-- NAME --X BASKV ID AREA    BUS#-SCT X-- NAME --X BASKV ID AREA    BUS#-SCT X-- NAME --X BASKV ID AREA

                                  ** NONE **


 BLOCKED TWO-TERMINAL DC LINES:

 X-2TERM DC-X  X-------- RECTIFIER --------X  X-------- INVERTER ---------X
 X-- NAME --X    BUS#-SCT X-- NAME --X BASKV    BUS#-SCT X-- NAME --X BASKV

                                  ** NONE **


 BLOCKED MULTI-TERMINAL DC LINES:

 X-MTERM DC-X  X-------- CONVERTER --------X  X-------- CONVERTER --------X  X-------- CONVERTER --------X
 X-- NAME --X    BUS#-SCT X-- NAME --X BASKV    BUS#-SCT X-- NAME --X BASKV    BUS#-SCT X-- NAME --X BASKV

                                  ** NONE **


 BLOCKED VSC DC LINES:

 X--VSC DC--X  X------ CONVERTER BUS ------X  X------ CONVERTER BUS ------X
 X-- NAME --X    BUS#-SCT X-- NAME --X BASKV    BUS#-SCT X-- NAME --X BASKV

                                  ** NONE **


 OUT-OF-SERVICE CONVERTERS AT IN-SERVICE VSC DC LINES:

 X--VSC DC--X  X------ CONVERTER BUS ------X  X------ CONVERTER BUS ------X
 X-- NAME --X    BUS#-SCT X-- NAME --X BASKV    BUS#-SCT X-- NAME --X BASKV

                                  ** NONE **


 BLOCKED FACTS CONTROL DEVICES:

 X--DEVICE--X  X------- SENDING BUS -------X  X------ TERMINAL BUS -------X
 X-- NAME --X    BUS#-SCT X-- NAME --X BASKV    BUS#-SCT X-- NAME --X BASKV

                                  ** NONE **


 OUT-OF-SERVICE GNE DEVICES:

 X--DEVICE--X  X-------- FROM BUS ---------X  X--------- TO BUS ----------X
 X-- NAME --X    BUS#-SCT X-- NAME --X BASKV    BUS#-SCT X-- NAME --X BASKV

                                  ** NONE **

 Output completed
 Batch command complete.
 :      PTI INTERACTIVE POWER SYSTEM SIMULATOR--PSS(R)E     THU, SEP 10 2026  11:24
 SUITE_U_PQBRAK_3BUS_BASIC                                                 SHUNT
 ISOLATED PQBRAK LOAD-SCALING GATE                                       SUMMARY

                                                 N O M I N A L
   BUS#-SCT X-- NAME --X BASKV CODE ID STAT       MW      MVAR  VOLTAGE  TYPE    MODE ADJM     BMIN      BMAX

                                    * NONE *

 Output completed
 Batch command complete.
 :      PTI INTERACTIVE POWER SYSTEM SIMULATOR--PSS(R)E     THU, SEP 10 2026  11:24
 SUITE_U_PQBRAK_3BUS_BASIC                                        SYSTEM SUMMARY
 ISOLATED PQBRAK LOAD-SCALING GATE

 ---------------------BUSES----------------------        -----GENERATION----- ----SHUNTS----- -IND MACHS- FACTS   GNE
  TOTAL  PQ<>0.  PQ=0.  PE/E   PE/Q  SWING  OTHER  LOADS PLANTS MACHNS   WIND  FIXED SWITCHED GENS MOTORS  DEVS  DEVS
      3      1      0      1      0      1      0      1      2      2      0      0      0      0      0     0     0
 ------------------AC BRANCHES------------------- 3WIND MULTI-SECTION ---DC LINES--                    AREA X------- SWING BUSES -------X
  TOTAL    RXB     RX    RXT   RX=0.    IN    OUT XFORM  LINES SECTNS 2TRM MTRM VSC AREAS ZONES OWNRS TRANS      1     SLACK       230.00
      2      0      2      0      0      2      0     0      0      0    0    0   0     1     1     1     0
      ----GENERATION---- INDUCTION                                       GNE
 TOTAL   SYNCHR  INDUCTN   MOTORS   PQLOAD   I LOAD   Y LOAD   SHUNTS  DEVICES CHARGING   LOSSES    SWING
 MW       102.6      0.0      0.0     99.9      0.0      0.0      0.0      0.0      0.0      2.7     22.6
 MVAR      56.8      0.0      0.0     40.0      0.0      0.0     -0.0      0.0      0.0     16.9    -31.9

 TOTAL MISMATCH =    0.04 MVA X--------- AT BUS ----------X   THRSHZ  PQBRAK BLOWUP  SBASE MXTPSS
  MAX. MISMATCH =    0.03 MVA      3     LOAD        230.00  0.000100  0.970   5.00 100.00   20
   HIGH VOLTAGE = 1.03000 PU       2     GEN_LOCAL   230.00   ADJTHR  ACCTAP TAPLIM SWVBND MXSWIM
   LOW  VOLTAGE = 0.95189 PU       3     LOAD        230.00   0.0050  1.0000 0.0500  100.0   10

 X------ SOLV AND MSLV ------X  X----------------- NEWTON ------------------X  X----- TYSL -----X
  ACCP  ACCQ  ACCM   TOL  ITER  ACCN  TOLN  VCTOLQ  VCTOLV ITER  DVLIM NDVFCT  ACCTY    TOL  ITER
 1.600 1.600 1.000 0.00010 100  1.00 1.0000 0.1000 0.000010  40 0.9900 0.9900  1.000 0.000010  20
     PTI INTERACTIVE POWER SYSTEM SIMULATOR--PSS(R)E     THU, SEP 10 2026  11:24
 SUITE_U_PQBRAK_3BUS_BASIC                                               WORST
 ISOLATED PQBRAK LOAD-SCALING GATE                                    MISMATCHES
   BUS#-SCT X-- NAME --X BASKV       MW       MVAR       MVA
      3     LOAD        230.00      0.03      0.00      0.03
      2     GEN_LOCAL   230.00      0.01      0.00      0.01
     PTI INTERACTIVE POWER SYSTEM SIMULATOR--PSS(R)E     THU, SEP 10 2026  11:24
 SUITE_U_PQBRAK_3BUS_BASIC                                            RATING SET
 ISOLATED PQBRAK LOAD-SCALING GATE                                   UTILIZATION
 RATING SET  -NAME-  X---------DESCRIPTION----------X  # NON-ZERO RATINGS
      1      RATE1   RATING SET 1                                 2
      2      RATE2   RATING SET 2                                 2
      3      RATE3   RATING SET 3                                 2
      4      RATE4   RATING SET 4                                 0
      5      RATE5   RATING SET 5                                 0
      6      RATE6   RATING SET 6                                 0
      7      RATE7   RATING SET 7                                 0
      8      RATE8   RATING SET 8                                 0
      9      RATE9   RATING SET 9                                 0
     10      RATE10  RATING SET 10                                0
     11      RATE11  RATING SET 11                                0
     12      RATE12  RATING SET 12                                0

 Output completed
 Batch command complete.
 :      PTI INTERACTIVE POWER SYSTEM SIMULATOR--PSS(R)E     THU, SEP 10 2026  11:24
 SUITE_U_PQBRAK_3BUS_BASIC                                              BUS DATA
 ISOLATED PQBRAK LOAD-SCALING GATE
                                           S H U N T S                                 X--- NORMAL --X  X- EMERGENCY -X
   BUS#-SCT X-- NAME --X BASKV CODE LOADS FIXED SWITCHED  VOLT   ANGLE AREA ZONE OWNER   VMAX    VMIN     VMAX    VMIN
      1     SLACK       230.00   3    0     0      0    1.00000    0.0    1    1    1  1.10000 0.90000  1.10000 0.90000
      2     GEN_LOCAL   230.00   2    0     0      0    1.03000   -1.4    1    1    1  1.10000 0.90000  1.10000 0.90000
      3     LOAD        230.00   1    1     0      0    0.95189   -8.0    1    1    1  1.10000 0.90000  1.10000 0.90000

 Output completed
 Batch command complete.
 :      PTI INTERACTIVE POWER SYSTEM SIMULATOR--PSS(R)E     THU, SEP 10 2026  11:24
 SUITE_U_PQBRAK_3BUS_BASIC                                             SWITCHED
 ISOLATED PQBRAK LOAD-SCALING GATE                                    SHUNT DATA
                                   S ADJ                                                                       X-------- REGULATED BUS ---------X X--FACTS/--X
   BUS#-SCT X-- NAME --X BASKV MOD T METH VHI    VLO     SHUNT  X-------X X-------X X-------X X-------X  PCT Q   BUS#-SCT X-- NAME --X BASKV NODE X-VSC NAME-X

                                    * NONE *

 Output completed
 Batch command complete.
 :      PTI INTERACTIVE POWER SYSTEM SIMULATOR--PSS(R)E     THU, SEP 10 2026  11:24
 SUITE_U_PQBRAK_3BUS_BASIC                                            GENERATING
 ISOLATED PQBRAK LOAD-SCALING GATE                                    PLANT DATA
                                                                                       X-------- REGULATED BUS ---------X
   BUS#-SCT X-- NAME --X BASKV COD MCNS PGEN   QGEN   QMAX   QMIN VSCHED  VACT.  PCT Q   BUS#-SCT X-- NAME --X BASKV NODE
      1     SLACK       230.00  3   1   22.6  -31.9  300.0 -300.0 1.0000 1.0000  100.0      1     SLACK       230.00    0
      2     GEN_LOCAL   230.00  2   1   80.0   88.8  100.0 -100.0 1.0300 1.0300  100.0      2     GEN_LOCAL   230.00    0

 Output completed
 Batch command complete.
 :      PTI INTERACTIVE POWER SYSTEM SIMULATOR--PSS(R)E     THU, SEP 10 2026  11:24
 SUITE_U_PQBRAK_3BUS_BASIC                                             GENERATOR
 ISOLATED PQBRAK LOAD-SCALING GATE                                     UNIT DATA
   BUS#-SCT X-- NAME --X BASKV CD ID ST  PGEN   QGEN   QMAX   QMIN   PMAX   PMIN  OWN FRACT  OWN FRACT  MBASE  Z S O R C E    X T R A N    GENTAP WMOD  WPF
      1     SLACK       230.00  3 1  1   22.6  -31.9  300.0 -300.0  300.0    0.0    1 1.000             100.0 0.0000 1.0000
      2     GEN_LOCAL   230.00  2 1  1   80.0   88.8  100.0 -100.0  150.0    0.0    1 1.000             100.0 0.0000 1.0000

 Output completed
 Batch command complete.
 :      PTI INTERACTIVE POWER SYSTEM SIMULATOR--PSS(R)E     THU, SEP 10 2026  11:24
 SUITE_U_PQBRAK_3BUS_BASIC                                           BRANCH DATA
 ISOLATED PQBRAK LOAD-SCALING GATE
 X-------- FROM BUS ---------X  X--------- TO BUS ----------X                                Z S
   BUS#-SCT X-- NAME --X BASKV    BUS#-SCT X-- NAME --X BASKV CKT   R (PU)   X (PU)   B (PU) I T  RATE1  RATE2  RATE3 LENGTH OWN1 FRAC1 OWN2 FRAC2 OWN3 FRAC3 OWN4 FRAC4
      1     SLACK       230.00*      2     GEN_LOCAL   230.00  1   0.01000  0.10000  0.00000   1  200.0  200.0  200.0   10.0    1 1.000
      2     GEN_LOCAL   230.00*      3     LOAD        230.00  1   0.02000  0.12000  0.00000   1  200.0  200.0  200.0   10.0    1 1.000

 Output completed
 Batch command complete.
 :      PTI INTERACTIVE POWER SYSTEM SIMULATOR--PSS(R)E     THU, SEP 10 2026  11:24
 SUITE_U_PQBRAK_3BUS_BASIC                                           BRANCH DATA
 ISOLATED PQBRAK LOAD-SCALING GATE
 X-------- FROM BUS ---------X  X--------- TO BUS ----------X                                Z S
   BUS#-SCT X-- NAME --X BASKV    BUS#-SCT X-- NAME --X BASKV CKT   R (PU)   X (PU)   B (PU) I T  RATE1  RATE2  RATE3 LENGTH OWN1 FRAC1 OWN2 FRAC2 OWN3 FRAC3 OWN4 FRAC4
      1     SLACK       230.00*      2     GEN_LOCAL   230.00  1   0.01000  0.10000  0.00000   1  200.0  200.0  200.0   10.0    1 1.000
      2     GEN_LOCAL   230.00       1     SLACK       230.00* 1   0.01000  0.10000  0.00000   1  200.0  200.0  200.0   10.0    1 1.000
      2     GEN_LOCAL   230.00*      3     LOAD        230.00  1   0.02000  0.12000  0.00000   1  200.0  200.0  200.0   10.0    1 1.000
      3     LOAD        230.00       2     GEN_LOCAL   230.00* 1   0.02000  0.12000  0.00000   1  200.0  200.0  200.0   10.0    1 1.000

 Output completed
 Batch command complete.
 :      PTI INTERACTIVE POWER SYSTEM SIMULATOR--PSS(R)E     THU, SEP 10 2026  11:24
 SUITE_U_PQBRAK_3BUS_BASIC
 ISOLATED PQBRAK LOAD-SCALING GATE                                  DC LINE DATA

                                    * NONE *

 Output completed
 Batch command complete.
 :      PTI INTERACTIVE POWER SYSTEM SIMULATOR--PSS(R)E     THU, SEP 10 2026  11:24
 SUITE_U_PQBRAK_3BUS_BASIC                                             LOAD DATA
 ISOLATED PQBRAK LOAD-SCALING GATE
   BUS#-SCT X-- NAME --X BASKV ID CD ST   PSI     MVA-LOAD      CUR-LOAD      Y - LOAD  AREA ZONE OWNER SCALE INTRPT     DGEN-MVA  DGEN-FLAG
      3     LOAD        230.00 1   1 1  1.000  100.0   40.0    0.0    0.0    0.0    0.0    1    1    1   YES     NO     0.0    0.0     OFF

 Output completed
 Batch command complete.
 :      PTI INTERACTIVE POWER SYSTEM SIMULATOR--PSS(R)E     THU, SEP 10 2026  11:24
 SUITE_U_PQBRAK_3BUS_BASIC                                         FACTS SENDING
 ISOLATED PQBRAK LOAD-SCALING GATE                                    END DATA
 X- DEVICE -X X------- SENDING BUS -------X X------ TERMINAL BUS -------X                                         X-------- REGULATED BUS ---------X X- MASTER -X
 X-- NAME --X   BUS#-SCT X-- NAME --X BASKV   BUS#-SCT X-- NAME --X BASKV MODE  V SET SHNTMX  PCT Q  BRDGMX OWNER   BUS#-SCT X-- NAME --X BASKV NODE X-- NAME --X

                                    * NONE *

 Output completed
 Batch command complete.
 :      PTI INTERACTIVE POWER SYSTEM SIMULATOR--PSS(R)E     THU, SEP 10 2026  11:24
 SUITE_U_PQBRAK_3BUS_BASIC                                        FACTS TERMINAL
 ISOLATED PQBRAK LOAD-SCALING GATE                                   END DATA
 X- DEVICE -X X------- SENDING BUS -------X X------ TERMINAL BUS -------X
 X-- NAME --X   BUS#-SCT X-- NAME --X BASKV   BUS#-SCT X-- NAME --X BASKV MODE  PDES   QDES  VTMAX  VTMIN  VSMAX ISMAX  LINE X VSREF   SET1     SET2

                                    * NONE *

 Output completed
 Batch command complete.
 :      PTI INTERACTIVE POWER SYSTEM SIMULATOR--PSS(R)E     THU, SEP 10 2026  11:24
 SUITE_U_PQBRAK_3BUS_BASIC                                               FIXED
 ISOLATED PQBRAK LOAD-SCALING GATE                                    SHUNT DATA
   BUS#-SCT X-- NAME --X BASKV ID CODE STAT       S H U N T

                                    * NONE *

 Output completed
 Batch command complete.
 :      PTI INTERACTIVE POWER SYSTEM SIMULATOR--PSS(R)E     THU, SEP 10 2026  11:24
 SUITE_U_PQBRAK_3BUS_BASIC                                           AREA TOTALS
 ISOLATED PQBRAK LOAD-SCALING GATE                                    IN MW/MVAR
                 FROM ---ASSIGNED TO THE AREA---              TO                               -NET INTERCHANGE-
                GENE- FROM IND   TO IND       TO   TO BUS  GNE BUS  TO LINE     FROM     TO     TO TIE  TO TIES  DESIRED
 X-- AREA --X  RATION GENERATN   MOTORS     LOAD    SHUNT  DEVICES    SHUNT CHARGING   LOSSES    LINES  + LOADS  NET INT

    1           102.6      0.0      0.0     99.9      0.0      0.0      0.0      0.0      2.7      0.0      0.0      0.0
 AREA1           56.8      0.0      0.0     40.0     -0.0      0.0     -0.0      0.0     16.9      0.0      0.0

 COLUMN         102.6      0.0      0.0     99.9      0.0      0.0      0.0      0.0      2.7      0.0      0.0      0.0
 TOTALS          56.8      0.0      0.0     40.0      0.0      0.0      0.0      0.0     16.9      0.0      0.0

 Output completed
 Batch command complete.
 :      PTI INTERACTIVE POWER SYSTEM SIMULATOR--PSS(R)E     THU, SEP 10 2026  11:24
 SUITE_U_PQBRAK_3BUS_BASIC                                           ZONE TOTALS
 ISOLATED PQBRAK LOAD-SCALING GATE                                    IN MW/MVAR
                 FROM ---ASSIGNED TO THE ZONE---              TO                               -NET INTERCHANGE-
                GENE- FROM IND   TO IND       TO   TO BUS  GNE BUS  TO LINE     FROM     TO     TO TIE  TO TIES
 X-- ZONE --X  RATION GENERATN   MOTORS     LOAD    SHUNT  DEVICES    SHUNT CHARGING   LOSSES    LINES  + LOADS

    1           102.6      0.0      0.0     99.9      0.0      0.0      0.0      0.0      2.7      0.0      0.0
 ZONE1           56.8      0.0      0.0     40.0     -0.0      0.0     -0.0      0.0     16.9      0.0      0.0

 COLUMN         102.6      0.0      0.0     99.9      0.0      0.0      0.0      0.0      2.7      0.0      0.0
 TOTALS          56.8      0.0      0.0     40.0      0.0      0.0      0.0      0.0     16.9      0.0      0.0

 Output completed
 Batch command complete.
 : 
 Output completed
 Batch command complete.
 : 
 Case saved in file C:\Users\Santiago\Documents\PROYECTO FINAL DE CARRERA - MATPOWER\outputs\reanudacion_20260910\psse_suite\suite_u_pqbrak_3bus_basic.sav on THU, SEP 10 2026  11:24
 Batch command complete.
 : 