1..64
ok 1 - polar - dImis_dVa (sparse)
ok 2 - polar - dImis_dVm (sparse)
ok 3 - polar - dImis_dVa (full)
ok 4 - polar - dImis_dVm (full)
ok 5 - polar - dSbus_dVa (sparse)
ok 6 - polar - dSbus_dVm (sparse)
ok 7 - polar - dSbus_dVa (full)
ok 8 - polar - dSbus_dVm (full)
ok 9 - polar - dIf_dVa (sparse)
ok 10 - polar - dIf_dVm (sparse)
ok 11 - polar - dIt_dVa (sparse)
ok 12 - polar - dIt_dVm (sparse)
ok 13 - polar - dIf_dVa (full)
ok 14 - polar - dIf_dVm (full)
ok 15 - polar - dIt_dVa (full)
ok 16 - polar - dIt_dVm (full)
ok 17 - polar - dSf_dVa (sparse)
ok 18 - polar - dSf_dVm (sparse)
ok 19 - polar - dSt_dVa (sparse)
ok 20 - polar - dSt_dVm (sparse)
ok 21 - polar - dSf_dVa (full)
ok 22 - polar - dSf_dVm (full)
ok 23 - polar - dSt_dVa (full)
ok 24 - polar - dSt_dVm (full)
ok 25 - polar - dAf_dVa (sparse)
ok 26 - polar - dAf_dVm (sparse)
ok 27 - polar - dAt_dVa (sparse)
ok 28 - polar - dAt_dVm (sparse)
ok 29 - polar - dAf_dVa (full)
ok 30 - polar - dAf_dVm (full)
ok 31 - polar - dAt_dVa (full)
ok 32 - polar - dAt_dVm (full)
ok 33 - cartesian - dImis_dVr (sparse)
ok 34 - cartesian - dImis_dVi (sparse)
ok 35 - cartesian - dImis_dVr (full)
ok 36 - cartesian - dImis_dVi (full)
ok 37 - cartesian - dSbus_dVr (sparse)
ok 38 - cartesian - dSbus_dVi (sparse)
ok 39 - cartesian - dSbus_dVr (full)
ok 40 - cartesian - dSbus_dVi (full)
ok 41 - cartesian - dIf_dVr (sparse)
ok 42 - cartesian - dIf_dVi (sparse)
ok 43 - cartesian - dIt_dVr (sparse)
ok 44 - cartesian - dIt_dVi (sparse)
ok 45 - cartesian - dIf_dVr (full)
ok 46 - cartesian - dIf_dVi (full)
ok 47 - cartesian - dIt_dVr (full)
ok 48 - cartesian - dIt_dVi (full)
ok 49 - cartesian - dSf_dVr (sparse)
ok 50 - cartesian - dSf_dVi (sparse)
ok 51 - cartesian - dSt_dVr (sparse)
ok 52 - cartesian - dSt_dVi (sparse)
ok 53 - cartesian - dSf_dVr (full)
ok 54 - cartesian - dSf_dVi (full)
ok 55 - cartesian - dSt_dVr (full)
ok 56 - cartesian - dSt_dVi (full)
ok 57 - cartesian - dAf_dVr (sparse)
ok 58 - cartesian - dAf_dVi (sparse)
ok 59 - cartesian - dAt_dVr (sparse)
ok 60 - cartesian - dAt_dVi (sparse)
ok 61 - cartesian - dAf_dVr (full)
ok 62 - cartesian - dAf_dVi (full)
ok 63 - cartesian - dAt_dVr (full)
ok 64 - cartesian - dAt_dVi (full)
All tests successful (64 of 64)
Elapsed time 0.30 seconds.
