1..87
ok 1 - default_off
ok 2 - old_options_off
ok 3 - raw_threshold_does_not_enable
ok 4 - explicit_opt_in
ok 5 - restore_native_preserve_equivalents
ok 6 - disable_idempotent
ok 7 - restore_external_bus_mapping
ok 8 - policy_reports_disabled
not ok 9 - low_voltage_pf_constant_load
ok 10 - nose_0.1
ok 11 - off_0.1
ok 12 - nose_0.05
ok 13 - off_0.05
not ok 14 - step_agreement_0.05
ok 15 - nose_0.025
ok 16 - off_0.025
not ok 17 - step_agreement_0.025
ok 18 - point1_equations
ok 19 - point1_load_schedule
ok 20 - point2_equations
ok 21 - point2_load_schedule
ok 22 - point3_equations
ok 23 - point3_load_schedule
ok 24 - point4_equations
ok 25 - point4_load_schedule
ok 26 - point5_equations
ok 27 - point5_load_schedule
ok 28 - point6_equations
ok 29 - point6_load_schedule
ok 30 - point7_equations
ok 31 - point7_load_schedule
ok 32 - point8_equations
ok 33 - point8_load_schedule
ok 34 - point9_equations
ok 35 - point9_load_schedule
ok 36 - point10_equations
ok 37 - point10_load_schedule
ok 38 - point11_equations
ok 39 - point11_load_schedule
ok 40 - point12_equations
ok 41 - point12_load_schedule
ok 42 - point13_equations
ok 43 - point13_load_schedule
ok 44 - point14_equations
ok 45 - point14_load_schedule
ok 46 - point15_equations
ok 47 - point15_load_schedule
ok 48 - point16_equations
ok 49 - point16_load_schedule
ok 50 - point17_equations
ok 51 - point17_load_schedule
ok 52 - point18_equations
ok 53 - point18_load_schedule
ok 54 - point19_equations
ok 55 - point19_load_schedule
ok 56 - point20_equations
ok 57 - point20_load_schedule
ok 58 - point21_equations
ok 59 - point21_load_schedule
ok 60 - point22_equations
ok 61 - point22_load_schedule
ok 62 - point23_equations
ok 63 - point23_load_schedule
ok 64 - point24_equations
ok 65 - point24_load_schedule
ok 66 - point25_equations
ok 67 - point25_load_schedule
ok 68 - point26_equations
ok 69 - point26_load_schedule
ok 70 - point27_equations
ok 71 - point27_load_schedule
ok 72 - point28_equations
ok 73 - point28_load_schedule
ok 74 - point29_equations
ok 75 - point29_load_schedule
ok 76 - point30_equations
ok 77 - point30_load_schedule
ok 78 - point31_equations
ok 79 - point31_load_schedule
ok 80 - point32_equations
ok 81 - point32_load_schedule
ok 82 - point33_equations
ok 83 - point33_load_schedule
ok 84 - point34_equations
ok 85 - point34_load_schedule
ok 86 - point35_equations
not ok 87 - point35_load_schedule
Ran 87 of 87 tests: 83 passed, 4 failed
Elapsed time 0.01 seconds.
