Index in position 1 exceeds array bounds. Index must not exceed 2.

Error in get_reorder (line 30)
B = subsref(A, s);
    ^^^^^^^^^^^^^
Error in i2e_data (line 79)
        v = get_reorder(val, bi+(1:ni), dim);
            ^^^^^^^^^^^^^^^^^^^^^^^^^^^^^^^^
Error in i2e_field (line 49)
    mpc.(field) = i2e_data(mpc, mpc.(field), ...
                  ^^^^^^^^^^^^^^^^^^^^^^^^^^^^^^
Error in int2ext (line 77)
                mpc = i2e_field(mpc, 'gencost', ordering);
                      ^^^^^^^^^^^^^^^^^^^^^^^^^^^^^^^^^^^
Error in runpf_vsc_mtdc_unified>build_ac_results (line 1131)
ac = int2ext(ac);
     ^^^^^^^^^^^
Error in runpf_vsc_mtdc_unified>unified_build_results (line 637)
results.ac = build_ac_results(ctx.ac, ctx.map, eval, ctx.Ybus, ...
             ^^^^^^^^^^^^^^^^^^^^^^^^^^^^^^^^^^^^^^^^^^^^^^^^^^^^^
Error in runpf_vsc_mtdc_unified (line 58)
results = unified_build_results(ctx, mpc, eval);
          ^^^^^^^^^^^^^^^^^^^^^^^^^^^^^^^^^^^^^
Error in runpf_vsc_mtdc (line 110)
    [results, success] = runpf_vsc_mtdc_unified(mpc, mpopt, fname, solvedcase);
                         ^^^^^^^^^^^^^^^^^^^^^^^^^^^^^^^^^^^^^^^^^^^^^^^^^^^^^
Error in t_control_handoff_batch2 (line 34)
r = runpf_vsc_mtdc(f, opt); evidence.export_input = f; evidence.export = r;
    ^^^^^^^^^^^^^^^^^^^^^^
Error in run_batch2_suite (line 8)
logtext = evalc('try; feval(name, 0, varargin{:}); catch err; failure = getReport(err, ''extended'', ''hyperlinks'', ''off''); disp(failure); end');
          ^^^^^^^^^^^^^^^^^^^^^^^^^^^^^^^^^^^^^^^^^^^^^^^^^^^^^^^^^^^^^^^^^^^^^^^^^^^^^^^^^^^^^^^^^^^^^^^^^^^^^^^^^^^^^^^^^^^^^^^^^^^^^^^^^^^^^^^^^
Error in LiveEditorEvaluationHelperEmatlab_mcp_server (line 1)
run_batch2_suite('t_control_handoff_batch2',fullfile(batch2_out,'handoff_first'),fullfile(batch2_out,'handoff_first','evidence'));
^^^^^^^^^^^^^^^^^^^^^^^^^^^^^^^^^^^^^^^^^^^^^^^^^^^^^^^^^^^^^^^^^^^^^^^^^^^^^^^^^^^^^^^^^^^^^^^^^^^^^^^^^^^^^^^^^^^^^^^^^^^^^^^^^
Error in matlab_mcp.mcpEval (line 48)
    resp = jsondecode(matlab.internal.editor.evaluateSynchronousRequest(request));
                      ^^^^^^^^^^^^^^^^^^^^^^^^^^^^^^^^^^^^^^^^^^^^^^^^^^^^^^^^^^
Error in connector.internal.fevalMatlab

Error in connector.internal.fevalJSON
